../../Drivers/STM32H7xx_HAL_Driver/Inc/stm32h7xx_ll_adc.h:4054:22:LL_ADC_REG_SetSequencerLength	16	static
../../Drivers/STM32H7xx_HAL_Driver/Inc/stm32h7xx_ll_adc.h:5063:22:LL_ADC_INJ_SetQueueMode	16	static
../../Drivers/STM32H7xx_HAL_Driver/Inc/stm32h7xx_ll_adc.h:6922:22:LL_ADC_Disable	16	static
../../Drivers/STM32H7xx_HAL_Driver/Inc/stm32h7xx_ll_adc.h:6941:26:LL_ADC_IsEnabled	16	static
../../Drivers/STM32H7xx_HAL_Driver/Inc/stm32h7xx_ll_adc.h:6952:26:LL_ADC_IsDisableOngoing	16	static
../../Drivers/STM32H7xx_HAL_Driver/Inc/stm32h7xx_ll_adc.h:7057:22:LL_ADC_REG_StopConversion	16	static
../../Drivers/STM32H7xx_HAL_Driver/Inc/stm32h7xx_ll_adc.h:7073:26:LL_ADC_REG_IsConversionOngoing	16	static
../../Drivers/STM32H7xx_HAL_Driver/Inc/stm32h7xx_ll_adc.h:7084:26:LL_ADC_REG_IsStopConversionOngoing	16	static
../../Drivers/STM32H7xx_HAL_Driver/Inc/stm32h7xx_ll_adc.h:7252:22:LL_ADC_INJ_StopConversion	16	static
../../Drivers/STM32H7xx_HAL_Driver/Inc/stm32h7xx_ll_adc.h:7268:26:LL_ADC_INJ_IsConversionOngoing	16	static
../../Drivers/STM32H7xx_HAL_Driver/Inc/stm32h7xx_ll_adc.h:7279:26:LL_ADC_INJ_IsStopConversionOngoing	16	static
../../Drivers/STM32H7xx_HAL_Driver/Inc/stm32h7xx_ll_bus.h:976:22:LL_AHB1_GRP1_ForceReset	16	static
../../Drivers/STM32H7xx_HAL_Driver/Inc/stm32h7xx_ll_bus.h:1004:22:LL_AHB1_GRP1_ReleaseReset	16	static
../../Drivers/STM32H7xx_HAL_Driver/Inc/stm32h7xx_ll_bus.h:1522:22:LL_AHB4_GRP1_ForceReset	16	static
../../Drivers/STM32H7xx_HAL_Driver/Inc/stm32h7xx_ll_bus.h:1564:22:LL_AHB4_GRP1_ReleaseReset	16	static
D:/1_WorkSpace/FW/SpaceLiin_IF_BOARD_FW/COMM_HW100/COMM_HW100/Drivers/STM32H7xx_HAL_Driver/Src/stm32h7xx_ll_adc.c:355:13:LL_ADC_CommonDeInit	16	static
D:/1_WorkSpace/FW/SpaceLiin_IF_BOARD_FW/COMM_HW100/COMM_HW100/Drivers/STM32H7xx_HAL_Driver/Src/stm32h7xx_ll_adc.c:397:13:LL_ADC_CommonInit	32	static
D:/1_WorkSpace/FW/SpaceLiin_IF_BOARD_FW/COMM_HW100/COMM_HW100/Drivers/STM32H7xx_HAL_Driver/Src/stm32h7xx_ll_adc.c:473:6:LL_ADC_CommonStructInit	16	static
D:/1_WorkSpace/FW/SpaceLiin_IF_BOARD_FW/COMM_HW100/COMM_HW100/Drivers/STM32H7xx_HAL_Driver/Src/stm32h7xx_ll_adc.c:504:13:LL_ADC_DeInit	32	static
D:/1_WorkSpace/FW/SpaceLiin_IF_BOARD_FW/COMM_HW100/COMM_HW100/Drivers/STM32H7xx_HAL_Driver/Src/stm32h7xx_ll_adc.c:820:13:LL_ADC_Init	24	static
D:/1_WorkSpace/FW/SpaceLiin_IF_BOARD_FW/COMM_HW100/COMM_HW100/Drivers/STM32H7xx_HAL_Driver/Src/stm32h7xx_ll_adc.c:887:6:LL_ADC_StructInit	16	static
D:/1_WorkSpace/FW/SpaceLiin_IF_BOARD_FW/COMM_HW100/COMM_HW100/Drivers/STM32H7xx_HAL_Driver/Src/stm32h7xx_ll_adc.c:929:13:LL_ADC_REG_Init	24	static
D:/1_WorkSpace/FW/SpaceLiin_IF_BOARD_FW/COMM_HW100/COMM_HW100/Drivers/STM32H7xx_HAL_Driver/Src/stm32h7xx_ll_adc.c:1019:6:LL_ADC_REG_StructInit	16	static
D:/1_WorkSpace/FW/SpaceLiin_IF_BOARD_FW/COMM_HW100/COMM_HW100/Drivers/STM32H7xx_HAL_Driver/Src/stm32h7xx_ll_adc.c:1065:13:LL_ADC_INJ_Init	24	static
D:/1_WorkSpace/FW/SpaceLiin_IF_BOARD_FW/COMM_HW100/COMM_HW100/Drivers/STM32H7xx_HAL_Driver/Src/stm32h7xx_ll_adc.c:1136:6:LL_ADC_INJ_StructInit	16	static
