../Dev/ThirdParty/libcsp/src/csp_buffer.c:51:5:csp_buffer_init	24	static
../Dev/ThirdParty/libcsp/src/csp_buffer.c:79:6:csp_buffer_free_resources	8	static
../Dev/ThirdParty/libcsp/src/csp_buffer.c:90:7:csp_buffer_get_isr	24	static
../Dev/ThirdParty/libcsp/src/csp_buffer.c:109:7:csp_buffer_get	24	static
../Dev/ThirdParty/libcsp/src/csp_buffer.c:134:6:csp_buffer_free_isr	24	static
../Dev/ThirdParty/libcsp/src/csp_buffer.c:164:6:csp_buffer_free	24	static
../Dev/ThirdParty/libcsp/src/csp_buffer.c:198:7:csp_buffer_clone	24	static
../Dev/ThirdParty/libcsp/src/csp_buffer.c:214:5:csp_buffer_remaining	8	static
../Dev/ThirdParty/libcsp/src/csp_buffer.c:218:8:csp_buffer_size	4	static
../Dev/ThirdParty/libcsp/src/csp_buffer.c:222:8:csp_buffer_data_size	4	static
