../Dev/BSP/USB_CDC/cdc_driver.c:29:6:CDC_RingBuffer_Init	16	static
../Dev/BSP/USB_CDC/cdc_driver.c:35:14:CDC_TX_RingBuffer_Put	16	static
../Dev/BSP/USB_CDC/cdc_driver.c:40:14:CDC_RX_RingBuffer_Put	16	static
../Dev/BSP/USB_CDC/cdc_driver.c:45:10:CDC_TX_RingBuffer_PutBuffer	24	static
../Dev/BSP/USB_CDC/cdc_driver.c:58:10:CDC_RX_RingBuffer_PutBuffer	24	static
../Dev/BSP/USB_CDC/cdc_driver.c:71:7:CDC_TX_RingBuffer_Get	16	static
../Dev/BSP/USB_CDC/cdc_driver.c:76:7:CDC_RX_RingBuffer_Get	16	static
../Dev/BSP/USB_CDC/cdc_driver.c:82:6:CDC_ISR_RxNotify	4	static
../Dev/BSP/USB_CDC/cdc_driver.c:87:6:USB_Check_Notify	4	static
../Dev/BSP/USB_CDC/cdc_driver.c:92:9:CDC_getRxReady	4	static
../Dev/BSP/USB_CDC/cdc_driver.c:97:6:CDC_setRxReady	16	static
../Dev/BSP/USB_CDC/cdc_driver.c:102:9:USB_checkUSB	4	static
../Dev/BSP/USB_CDC/cdc_driver.c:107:6:USB_setCheckFlag	16	static
../Dev/BSP/USB_CDC/cdc_driver.c:116:7:CDCTxBuffer_IsDataAvailable	8	static
../Dev/BSP/USB_CDC/cdc_driver.c:121:7:CDC_SendString	24	static
../Dev/BSP/USB_CDC/cdc_driver.c:129:7:CDC_SendChar	16	static
