../../Drivers/CMSIS/Include/core_cm7.h:1890:26:__NVIC_GetPriorityGrouping	1
../../Drivers/CMSIS/Include/core_cm7.h:1902:22:__NVIC_EnableIRQ	2
../../Drivers/CMSIS/Include/core_cm7.h:2032:22:__NVIC_SetPriority	2
../../Drivers/CMSIS/Include/core_cm7.h:2079:26:NVIC_EncodePriority	2
../../Drivers/STM32H7xx_HAL_Driver/Inc/stm32h7xx_ll_adc.h:3243:22:LL_ADC_SetChannelPreselection	3
../../Drivers/STM32H7xx_HAL_Driver/Inc/stm32h7xx_ll_adc.h:4255:22:LL_ADC_REG_SetSequencerRanks	1
../../Drivers/STM32H7xx_HAL_Driver/Inc/stm32h7xx_ll_adc.h:4419:22:LL_ADC_REG_SetDataTransferMode	1
../../Drivers/STM32H7xx_HAL_Driver/Inc/stm32h7xx_ll_adc.h:5409:22:LL_ADC_SetChannelSamplingTime	1
../../Drivers/STM32H7xx_HAL_Driver/Inc/stm32h7xx_ll_adc.h:5555:22:LL_ADC_SetChannelSingleDiff	1
../../Drivers/STM32H7xx_HAL_Driver/Inc/stm32h7xx_ll_adc.h:6296:22:LL_ADC_SetOverSamplingScope	1
../../Drivers/STM32H7xx_HAL_Driver/Inc/stm32h7xx_ll_adc.h:6818:22:LL_ADC_DisableDeepPowerDown	1
../../Drivers/STM32H7xx_HAL_Driver/Inc/stm32h7xx_ll_adc.h:6851:22:LL_ADC_EnableInternalRegulator	1
../../Drivers/STM32H7xx_HAL_Driver/Inc/stm32h7xx_ll_adc.h:6902:22:LL_ADC_Enable	1
../../Drivers/STM32H7xx_HAL_Driver/Inc/stm32h7xx_ll_adc.h:7462:26:LL_ADC_IsActiveFlag_ADRDY	2
../../Drivers/STM32H7xx_HAL_Driver/Inc/stm32h7xx_ll_i2c.h:644:22:LL_I2C_EnableClockStretching	1
../../Drivers/STM32H7xx_HAL_Driver/Inc/stm32h7xx_ll_i2c.h:764:22:LL_I2C_DisableGeneralCall	1
../../Drivers/STM32H7xx_HAL_Driver/Inc/stm32h7xx_ll_i2c.h:875:22:LL_I2C_SetOwnAddress2	1
../../Drivers/STM32H7xx_HAL_Driver/Inc/stm32h7xx_ll_i2c.h:897:22:LL_I2C_DisableOwnAddress2	1
../../Drivers/STM32H7xx_HAL_Driver/Inc/stm32h7xx_ll_i2c.h:1879:22:LL_I2C_EnableAutoEndMode	1
../../Drivers/STM32H7xx_HAL_Driver/Inc/stm32h7xx_ll_spi.h:555:22:LL_SPI_Enable	1
../../Drivers/STM32H7xx_HAL_Driver/Inc/stm32h7xx_ll_spi.h:1116:22:LL_SPI_SetStandard	1
../../Drivers/STM32H7xx_HAL_Driver/Inc/stm32h7xx_ll_spi.h:1466:22:LL_SPI_SetFIFOThreshold	1
../../Drivers/STM32H7xx_HAL_Driver/Inc/stm32h7xx_ll_spi.h:1655:22:LL_SPI_EnableNSSPulseMgt	1
../../Drivers/STM32H7xx_HAL_Driver/Inc/stm32h7xx_ll_usart.h:635:22:LL_USART_Enable	1
../../Drivers/STM32H7xx_HAL_Driver/Inc/stm32h7xx_ll_usart.h:686:22:LL_USART_DisableFIFO	1
../../Drivers/STM32H7xx_HAL_Driver/Inc/stm32h7xx_ll_usart.h:719:22:LL_USART_SetTXFIFOThreshold	2
../../Drivers/STM32H7xx_HAL_Driver/Inc/stm32h7xx_ll_usart.h:758:22:LL_USART_SetRXFIFOThreshold	2
../../Drivers/STM32H7xx_HAL_Driver/Inc/stm32h7xx_ll_usart.h:2674:22:LL_USART_ConfigAsyncMode	1
../../Drivers/STM32H7xx_HAL_Driver/Inc/stm32h7xx_ll_usart.h:3194:26:LL_USART_IsActiveFlag_TEACK	2
../../Drivers/STM32H7xx_HAL_Driver/Inc/stm32h7xx_ll_usart.h:3205:26:LL_USART_IsActiveFlag_REACK	2
../../Drivers/STM32H7xx_HAL_Driver/Inc/stm32h7xx_ll_system.h:483:22:LL_SYSCFG_OpenAnalogSwitch	1
../../Drivers/STM32H7xx_HAL_Driver/Inc/stm32h7xx_ll_gpio.h:884:22:LL_GPIO_SetOutputPin	1
../../Drivers/STM32H7xx_HAL_Driver/Inc/stm32h7xx_ll_gpio.h:913:22:LL_GPIO_ResetOutputPin	1
../../Drivers/STM32H7xx_HAL_Driver/Inc/stm32h7xx_ll_bus.h:872:22:LL_AHB1_GRP1_EnableClock	1
../../Drivers/STM32H7xx_HAL_Driver/Inc/stm32h7xx_ll_bus.h:1384:22:LL_AHB4_GRP1_EnableClock	1
../../Drivers/STM32H7xx_HAL_Driver/Inc/stm32h7xx_ll_bus.h:1862:22:LL_APB1_GRP1_EnableClock	1
../../Drivers/STM32H7xx_HAL_Driver/Inc/stm32h7xx_ll_bus.h:2480:22:LL_APB2_GRP1_EnableClock	1
D:/1_WorkSpace/FW/SpaceLiin_IF_BOARD_FW/COMM_HW100/COMM_HW100/CM7/Dev/ThirdParty/libcsp/include/csp/csp.h:67:20:csp_conf_get_defaults	1
../Core/Src/main.c:127:13:blink	1
../Core/Src/main.c:144:13:CLI_Polling_Task	4
../Core/Src/main.c:172:13:USB_HS_Task	3
../Core/Src/main.c:217:13:UsbInitTask	1
../Core/Src/main.c:235:6:csp_tx_task	4
../Core/Src/main.c:270:6:csp_rx_task	12
../Core/Src/main.c:394:5:main	1
../Core/Src/main.c:523:6:SystemClock_Config	4
../Core/Src/main.c:581:6:PeriphCommonClock_Config	2
../Core/Src/main.c:608:13:MX_ADC1_Init	3
../Core/Src/main.c:709:13:MX_ADC2_Init	3
../Core/Src/main.c:787:13:MX_FDCAN2_Init	2
../Core/Src/main.c:840:13:MX_I2C1_Init	2
../Core/Src/main.c:907:13:MX_SDMMC1_MMC_Init	5
../Core/Src/main.c:966:13:MX_SPI1_Init	2
../Core/Src/main.c:1041:13:MX_SPI2_Init	2
../Core/Src/main.c:1117:13:MX_UART4_Init	4
../Core/Src/main.c:1196:13:MX_GPIO_Init	1
../Core/Src/main.c:1249:6:HAL_TIM_PeriodElapsedCallback	2
../Core/Src/main.c:1267:6:Error_Handler	1
