../Core/Src/stm32h7xx_it.c:80:6:NMI_Handler	4	static
../Core/Src/stm32h7xx_it.c:95:6:HardFault_Handler	4	static
../Core/Src/stm32h7xx_it.c:110:6:MemManage_Handler	4	static
../Core/Src/stm32h7xx_it.c:125:6:BusFault_Handler	4	static
../Core/Src/stm32h7xx_it.c:140:6:UsageFault_Handler	4	static
../Core/Src/stm32h7xx_it.c:155:6:DebugMon_Handler	4	static
../Core/Src/stm32h7xx_it.c:168:6:SysTick_Handler	8	static
../Core/Src/stm32h7xx_it.c:196:6:FDCAN2_IT0_IRQHandler	8	static
../Core/Src/stm32h7xx_it.c:210:6:TIM1_UP_IRQHandler	8	static
../Core/Src/stm32h7xx_it.c:224:6:UART4_IRQHandler	8	static
../Core/Src/stm32h7xx_it.c:237:6:OTG_HS_IRQHandler	8	static
