../Dev/ThirdParty/libcsp/src/rtable/csp_rtable.c:31:12:csp_rtable_parse	104	dynamic
../Dev/ThirdParty/libcsp/src/rtable/csp_rtable.c:81:5:csp_rtable_load	16	static
../Dev/ThirdParty/libcsp/src/rtable/csp_rtable.c:85:5:csp_rtable_check	16	static
../Dev/ThirdParty/libcsp/src/rtable/csp_rtable.c:89:5:csp_rtable_set	32	static
../Dev/ThirdParty/libcsp/src/rtable/csp_rtable.c:114:13:csp_rtable_save_route	80	static
../Dev/ThirdParty/libcsp/src/rtable/csp_rtable.c:148:5:csp_rtable_save	32	static
../Dev/ThirdParty/libcsp/src/rtable/csp_rtable.c:156:6:csp_rtable_clear	8	static
../Dev/ThirdParty/libcsp/src/rtable/csp_rtable.c:165:13:csp_rtable_print_route	32	static
../Dev/ThirdParty/libcsp/src/rtable/csp_rtable.c:175:6:csp_rtable_print	8	static
