Archive member included to satisfy reference by file (symbol)

D:/STM32CubeIDE_1.19.0/STM32CubeIDE/plugins/com.st.stm32cube.ide.mcu.externaltools.gnu-tools-for-stm32.13.3.rel1.win32_1.0.0.202411081344/tools/bin/../lib/gcc/arm-none-eabi/13.3.1/../../../../arm-none-eabi/lib/thumb/v7e-m+fp/hard\libc_nano.a(libc_a-exit.o)
                              D:/STM32CubeIDE_1.19.0/STM32CubeIDE/plugins/com.st.stm32cube.ide.mcu.externaltools.gnu-tools-for-stm32.13.3.rel1.win32_1.0.0.202411081344/tools/bin/../lib/gcc/arm-none-eabi/13.3.1/../../../../arm-none-eabi/lib/thumb/v7e-m+fp/hard/crt0.o (exit)
D:/STM32CubeIDE_1.19.0/STM32CubeIDE/plugins/com.st.stm32cube.ide.mcu.externaltools.gnu-tools-for-stm32.13.3.rel1.win32_1.0.0.202411081344/tools/bin/../lib/gcc/arm-none-eabi/13.3.1/../../../../arm-none-eabi/lib/thumb/v7e-m+fp/hard\libc_nano.a(libc_a-findfp.o)
                              D:/STM32CubeIDE_1.19.0/STM32CubeIDE/plugins/com.st.stm32cube.ide.mcu.externaltools.gnu-tools-for-stm32.13.3.rel1.win32_1.0.0.202411081344/tools/bin/../lib/gcc/arm-none-eabi/13.3.1/../../../../arm-none-eabi/lib/thumb/v7e-m+fp/hard\libc_nano.a(libc_a-exit.o) (__stdio_exit_handler)
D:/STM32CubeIDE_1.19.0/STM32CubeIDE/plugins/com.st.stm32cube.ide.mcu.externaltools.gnu-tools-for-stm32.13.3.rel1.win32_1.0.0.202411081344/tools/bin/../lib/gcc/arm-none-eabi/13.3.1/../../../../arm-none-eabi/lib/thumb/v7e-m+fp/hard\libc_nano.a(libc_a-fwalk.o)
                              D:/STM32CubeIDE_1.19.0/STM32CubeIDE/plugins/com.st.stm32cube.ide.mcu.externaltools.gnu-tools-for-stm32.13.3.rel1.win32_1.0.0.202411081344/tools/bin/../lib/gcc/arm-none-eabi/13.3.1/../../../../arm-none-eabi/lib/thumb/v7e-m+fp/hard\libc_nano.a(libc_a-findfp.o) (_fwalk_sglue)
D:/STM32CubeIDE_1.19.0/STM32CubeIDE/plugins/com.st.stm32cube.ide.mcu.externaltools.gnu-tools-for-stm32.13.3.rel1.win32_1.0.0.202411081344/tools/bin/../lib/gcc/arm-none-eabi/13.3.1/../../../../arm-none-eabi/lib/thumb/v7e-m+fp/hard\libc_nano.a(libc_a-stdio.o)
                              D:/STM32CubeIDE_1.19.0/STM32CubeIDE/plugins/com.st.stm32cube.ide.mcu.externaltools.gnu-tools-for-stm32.13.3.rel1.win32_1.0.0.202411081344/tools/bin/../lib/gcc/arm-none-eabi/13.3.1/../../../../arm-none-eabi/lib/thumb/v7e-m+fp/hard\libc_nano.a(libc_a-findfp.o) (__sread)
D:/STM32CubeIDE_1.19.0/STM32CubeIDE/plugins/com.st.stm32cube.ide.mcu.externaltools.gnu-tools-for-stm32.13.3.rel1.win32_1.0.0.202411081344/tools/bin/../lib/gcc/arm-none-eabi/13.3.1/../../../../arm-none-eabi/lib/thumb/v7e-m+fp/hard\libc_nano.a(libc_a-memset.o)
                              D:/STM32CubeIDE_1.19.0/STM32CubeIDE/plugins/com.st.stm32cube.ide.mcu.externaltools.gnu-tools-for-stm32.13.3.rel1.win32_1.0.0.202411081344/tools/bin/../lib/gcc/arm-none-eabi/13.3.1/../../../../arm-none-eabi/lib/thumb/v7e-m+fp/hard/crt0.o (memset)
D:/STM32CubeIDE_1.19.0/STM32CubeIDE/plugins/com.st.stm32cube.ide.mcu.externaltools.gnu-tools-for-stm32.13.3.rel1.win32_1.0.0.202411081344/tools/bin/../lib/gcc/arm-none-eabi/13.3.1/../../../../arm-none-eabi/lib/thumb/v7e-m+fp/hard\libc_nano.a(libc_a-strncpy.o)
                              ./Dev/Util/RingBuffer/ring_buffer.o (strncpy)
D:/STM32CubeIDE_1.19.0/STM32CubeIDE/plugins/com.st.stm32cube.ide.mcu.externaltools.gnu-tools-for-stm32.13.3.rel1.win32_1.0.0.202411081344/tools/bin/../lib/gcc/arm-none-eabi/13.3.1/../../../../arm-none-eabi/lib/thumb/v7e-m+fp/hard\libc_nano.a(libc_a-closer.o)
                              D:/STM32CubeIDE_1.19.0/STM32CubeIDE/plugins/com.st.stm32cube.ide.mcu.externaltools.gnu-tools-for-stm32.13.3.rel1.win32_1.0.0.202411081344/tools/bin/../lib/gcc/arm-none-eabi/13.3.1/../../../../arm-none-eabi/lib/thumb/v7e-m+fp/hard\libc_nano.a(libc_a-stdio.o) (_close_r)
D:/STM32CubeIDE_1.19.0/STM32CubeIDE/plugins/com.st.stm32cube.ide.mcu.externaltools.gnu-tools-for-stm32.13.3.rel1.win32_1.0.0.202411081344/tools/bin/../lib/gcc/arm-none-eabi/13.3.1/../../../../arm-none-eabi/lib/thumb/v7e-m+fp/hard\libc_nano.a(libc_a-reent.o)
                              D:/STM32CubeIDE_1.19.0/STM32CubeIDE/plugins/com.st.stm32cube.ide.mcu.externaltools.gnu-tools-for-stm32.13.3.rel1.win32_1.0.0.202411081344/tools/bin/../lib/gcc/arm-none-eabi/13.3.1/../../../../arm-none-eabi/lib/thumb/v7e-m+fp/hard\libc_nano.a(libc_a-closer.o) (errno)
D:/STM32CubeIDE_1.19.0/STM32CubeIDE/plugins/com.st.stm32cube.ide.mcu.externaltools.gnu-tools-for-stm32.13.3.rel1.win32_1.0.0.202411081344/tools/bin/../lib/gcc/arm-none-eabi/13.3.1/../../../../arm-none-eabi/lib/thumb/v7e-m+fp/hard\libc_nano.a(libc_a-impure.o)
                              D:/STM32CubeIDE_1.19.0/STM32CubeIDE/plugins/com.st.stm32cube.ide.mcu.externaltools.gnu-tools-for-stm32.13.3.rel1.win32_1.0.0.202411081344/tools/bin/../lib/gcc/arm-none-eabi/13.3.1/../../../../arm-none-eabi/lib/thumb/v7e-m+fp/hard\libc_nano.a(libc_a-reent.o) (_impure_ptr)
[...]
Memory Configuration

Name             Origin             Length             Attributes
FLASH            0x08100000         0x00100000         xr
RAM              0x10000000         0x00048000         xrw
*default*        0x00000000         0xffffffff

Linker script and memory map

LOAD D:/STM32CubeIDE_1.19.0/STM32CubeIDE/plugins/com.st.stm32cube.ide.mcu.externaltools.gnu-tools-for-stm32.13.3.rel1.win32_1.0.0.202411081344/tools/bin/../lib/gcc/arm-none-eabi/13.3.1/thumb/v7e-m+fp/hard/crti.o
LOAD D:/STM32CubeIDE_1.19.0/STM32CubeIDE/plugins/com.st.stm32cube.ide.mcu.externaltools.gnu-tools-for-stm32.13.3.rel1.win32_1.0.0.202411081344/tools/bin/../lib/gcc/arm-none-eabi/13.3.1/thumb/v7e-m+fp/hard/crtbegin.o
LOAD D:/STM32CubeIDE_1.19.0/STM32CubeIDE/plugins/com.st.stm32cube.ide.mcu.externaltools.gnu-tools-for-stm32.13.3.rel1.win32_1.0.0.202411081344/tools/bin/../lib/gcc/arm-none-eabi/13.3.1/../../../../arm-none-eabi/lib/thumb/v7e-m+fp/hard/crt0.o
LOAD ./Common/Src/system_stm32h7xx_dualcore_boot_cm4_cm7.o
LOAD ./Core/Src/main.o
LOAD ./Core/Src/stm32h7xx_hal_msp.o
LOAD ./Core/Src/stm32h7xx_it.o
LOAD ./Core/Src/syscalls.o
LOAD ./Core/Src/sysmem.o
LOAD ./Core/Startup/startup_stm32h745xihx.o
LOAD ./Dev/BSP/SPI/spi_driver.o
LOAD ./Dev/Devices/IS66WVS4M8BLL/IS66WVS4M8BLL.o
LOAD ./Dev/Util/RingBuffer/ring_buffer.o
LOAD ./Drivers/STM32H7xx_HAL_Driver/stm32h7xx_hal.o
LOAD ./Drivers/STM32H7xx_HAL_Driver/stm32h7xx_hal_cortex.o
LOAD ./Drivers/STM32H7xx_HAL_Driver/stm32h7xx_hal_dma.o
LOAD ./Drivers/STM32H7xx_HAL_Driver/stm32h7xx_hal_dma_ex.o
LOAD ./Drivers/STM32H7xx_HAL_Driver/stm32h7xx_hal_exti.o
LOAD ./Drivers/STM32H7xx_HAL_Driver/stm32h7xx_hal_flash.o
LOAD ./Drivers/STM32H7xx_HAL_Driver/stm32h7xx_hal_flash_ex.o
LOAD ./Drivers/STM32H7xx_HAL_Driver/stm32h7xx_hal_gpio.o
LOAD ./Drivers/STM32H7xx_HAL_Driver/stm32h7xx_hal_hsem.o
LOAD ./Drivers/STM32H7xx_HAL_Driver/stm32h7xx_hal_i2c.o
LOAD ./Drivers/STM32H7xx_HAL_Driver/stm32h7xx_hal_i2c_ex.o
LOAD ./Drivers/STM32H7xx_HAL_Driver/stm32h7xx_hal_mdma.o
LOAD ./Drivers/STM32H7xx_HAL_Driver/stm32h7xx_hal_nand.o
LOAD ./Drivers/STM32H7xx_HAL_Driver/stm32h7xx_hal_nor.o
LOAD ./Drivers/STM32H7xx_HAL_Driver/stm32h7xx_hal_pwr.o
LOAD ./Drivers/STM32H7xx_HAL_Driver/stm32h7xx_hal_pwr_ex.o
LOAD ./Drivers/STM32H7xx_HAL_Driver/stm32h7xx_hal_rcc.o
LOAD ./Drivers/STM32H7xx_HAL_Driver/stm32h7xx_hal_rcc_ex.o
LOAD ./Drivers/STM32H7xx_HAL_Driver/stm32h7xx_hal_sdram.o
LOAD ./Drivers/STM32H7xx_HAL_Driver/stm32h7xx_hal_sram.o
LOAD ./Drivers/STM32H7xx_HAL_Driver/stm32h7xx_hal_tim.o
LOAD ./Drivers/STM32H7xx_HAL_Driver/stm32h7xx_hal_tim_ex.o
LOAD ./Drivers/STM32H7xx_HAL_Driver/stm32h7xx_ll_exti.o
LOAD ./Drivers/STM32H7xx_HAL_Driver/stm32h7xx_ll_fmc.o
LOAD ./Drivers/STM32H7xx_HAL_Driver/stm32h7xx_ll_gpio.o
LOAD ./Drivers/STM32H7xx_HAL_Driver/stm32h7xx_ll_rcc.o
LOAD ./Drivers/STM32H7xx_HAL_Driver/stm32h7xx_ll_utils.o
START GROUP
LOAD D:/STM32CubeIDE_1.19.0/STM32CubeIDE/plugins/com.st.stm32cube.ide.mcu.externaltools.gnu-tools-for-stm32.13.3.rel1.win32_1.0.0.202411081344/tools/bin/../lib/gcc/arm-none-eabi/13.3.1/../../../../arm-none-eabi/lib/thumb/v7e-m+fp/hard\libc_nano.a
LOAD D:/STM32CubeIDE_1.19.0/STM32CubeIDE/plugins/com.st.stm32cube.ide.mcu.externaltools.gnu-tools-for-stm32.13.3.rel1.win32_1.0.0.202411081344/tools/bin/../lib/gcc/arm-none-eabi/13.3.1/../../../../arm-none-eabi/lib/thumb/v7e-m+fp/hard\libm.a
END GROUP
START GROUP
LOAD D:/STM32CubeIDE_1.19.0/STM32CubeIDE/plugins/com.st.stm32cube.ide.mcu.externaltools.gnu-tools-for-stm32.13.3.rel1.win32_1.0.0.202411081344/tools/bin/../lib/gcc/arm-none-eabi/13.3.1/thumb/v7e-m+fp/hard\libgcc.a
LOAD D:/STM32CubeIDE_1.19.0/STM32CubeIDE/plugins/com.st.stm32cube.ide.mcu.externaltools.gnu-tools-for-stm32.13.3.rel1.win32_1.0.0.202411081344/tools/bin/../lib/gcc/arm-none-eabi/13.3.1/../../../../arm-none-eabi/lib/thumb/v7e-m+fp/hard\libc_nano.a
END GROUP
START GROUP
LOAD D:/STM32CubeIDE_1.19.0/STM32CubeIDE/plugins/com.st.stm32cube.ide.mcu.externaltools.gnu-tools-for-stm32.13.3.rel1.win32_1.0.0.202411081344/tools/bin/../lib/gcc/arm-none-eabi/13.3.1/thumb/v7e-m+fp/hard\libgcc.a
LOAD D:/STM32CubeIDE_1.19.0/STM32CubeIDE/plugins/com.st.stm32cube.ide.mcu.externaltools.gnu-tools-for-stm32.13.3.rel1.win32_1.0.0.202411081344/tools/bin/../lib/gcc/arm-none-eabi/13.3.1/../../../../arm-none-eabi/lib/thumb/v7e-m+fp/hard\libc_nano.a
LOAD D:/STM32CubeIDE_1.19.0/STM32CubeIDE/plugins/com.st.stm32cube.ide.mcu.externaltools.gnu-tools-for-stm32.13.3.rel1.win32_1.0.0.202411081344/tools/bin/../lib/gcc/arm-none-eabi/13.3.1/../../../../arm-none-eabi/lib/thumb/v7e-m+fp/hard\libnosys.a
END GROUP
START GROUP
LOAD D:/STM32CubeIDE_1.19.0/STM32CubeIDE/plugins/com.st.stm32cube.ide.mcu.externaltools.gnu-tools-for-stm32.13.3.rel1.win32_1.0.0.202411081344/tools/bin/../lib/gcc/arm-none-eabi/13.3.1/thumb/v7e-m+fp/hard\libgcc.a
LOAD D:/STM32CubeIDE_1.19.0/STM32CubeIDE/plugins/com.st.stm32cube.ide.mcu.externaltools.gnu-tools-for-stm32.13.3.rel1.win32_1.0.0.202411081344/tools/bin/../lib/gcc/arm-none-eabi/13.3.1/../../../../arm-none-eabi/lib/thumb/v7e-m+fp/hard\libc_nano.a
LOAD D:/STM32CubeIDE_1.19.0/STM32CubeIDE/plugins/com.st.stm32cube.ide.mcu.externaltools.gnu-tools-for-stm32.13.3.rel1.win32_1.0.0.202411081344/tools/bin/../lib/gcc/arm-none-eabi/13.3.1/../../../../arm-none-eabi/lib/thumb/v7e-m+fp/hard\libnosys.a
END GROUP
LOAD D:/STM32CubeIDE_1.19.0/STM32CubeIDE/plugins/com.st.stm32cube.ide.mcu.externaltools.gnu-tools-for-stm32.13.3.rel1.win32_1.0.0.202411081344/tools/bin/../lib/gcc/arm-none-eabi/13.3.1/thumb/v7e-m+fp/hard/crtend.o
LOAD D:/STM32CubeIDE_1.19.0/STM32CubeIDE/plugins/com.st.stm32cube.ide.mcu.externaltools.gnu-tools-for-stm32.13.3.rel1.win32_1.0.0.202411081344/tools/bin/../lib/gcc/arm-none-eabi/13.3.1/thumb/v7e-m+fp/hard/crtn.o
                0x10048000                        _estack = (ORIGIN (RAM) + LENGTH (RAM))
                0x00000200                        _Min_Heap_Size = 0x200
                0x00000400                        _Min_Stack_Size = 0x400

.isr_vector     0x08100000      0x298
                0x08100000                        . = ALIGN (0x4)
 *(.isr_vector)
 .isr_vector    0x08100000      0x298 ./Core/Startup/startup_stm32h745xihx.o
                0x08100000                g_pfnVectors
                0x08100298                        . = ALIGN (0x4)

.text           0x08100298     0x3498
                0x08100298                        . = ALIGN (0x4)
 *(.text)
 .text          0x08100298       0x40 D:/STM32CubeIDE_1.19.0/STM32CubeIDE/plugins/com.st.stm32cube.ide.mcu.externaltools.gnu-tools-for-stm32.13.3.rel1.win32_1.0.0.202411081344/tools/bin/../lib/gcc/arm-none-eabi/13.3.1/thumb/v7e-m+fp/hard/crtbegin.o
 .text          0x081002d8      0x378 D:/STM32CubeIDE_1.19.0/STM32CubeIDE/plugins/com.st.stm32cube.ide.mcu.externaltools.gnu-tools-for-stm32.13.3.rel1.win32_1.0.0.202411081344/tools/bin/../lib/gcc/arm-none-eabi/13.3.1/thumb/v7e-m+fp/hard\libgcc.a(_arm_addsubdf3.o)
                0x081002d8                __aeabi_drsub
                0x081002e0                __aeabi_dsub
                0x081002e0                __subdf3
                0x081002e4                __aeabi_dadd
                0x081002e4                __adddf3
                0x0810055c                __floatunsidf
                0x0810055c                __aeabi_ui2d
                0x0810057c                __floatsidf
                0x0810057c                __aeabi_i2d
                0x081005a0                __aeabi_f2d
                0x081005a0                __extendsfdf2
                0x081005e4                __floatundidf
                0x081005e4                __aeabi_ul2d
                0x081005f4                __floatdidf
                0x081005f4                __aeabi_l2d
 .text          0x08100650      0x110 D:/STM32CubeIDE_1.19.0/STM32CubeIDE/plugins/com.st.stm32cube.ide.mcu.externaltools.gnu-tools-for-stm32.13.3.rel1.win32_1.0.0.202411081344/tools/bin/../lib/gcc/arm-none-eabi/13.3.1/thumb/v7e-m+fp/hard\libgcc.a(_arm_cmpdf2.o)
                0x08100650                __gtdf2
                0x08100650                __gedf2
                0x08100658                __ltdf2
                0x08100658                __ledf2
                0x08100660                __nedf2
                0x08100660                __eqdf2
                0x08100660                __cmpdf2
                0x081006dc                __aeabi_cdrcmple
                0x081006ec                __aeabi_cdcmpeq
                0x081006ec                __aeabi_cdcmple
                0x081006fc                __aeabi_dcmpeq
                0x08100710                __aeabi_dcmplt
                0x08100724                __aeabi_dcmple
                0x08100738                __aeabi_dcmpge
                0x0810074c                __aeabi_dcmpgt
 .text          0x08100760       0x40 D:/STM32CubeIDE_1.19.0/STM32CubeIDE/plugins/com.st.stm32cube.ide.mcu.externaltools.gnu-tools-for-stm32.13.3.rel1.win32_1.0.0.202411081344/tools/bin/../lib/gcc/arm-none-eabi/13.3.1/thumb/v7e-m+fp/hard\libgcc.a(_arm_fixunsdfsi.o)
                0x08100760                __aeabi_d2uiz
                0x08100760                __fixunsdfsi
 *(.text*)
 .text.SystemInit
                0x081007a0       0x30 ./Common/Src/system_stm32h7xx_dualcore_boot_cm4_cm7.o
                0x081007a0                SystemInit
 .text.ExitRun0Mode
                0x081007d0       0x34 ./Common/Src/system_stm32h7xx_dualcore_boot_cm4_cm7.o
                0x081007d0                ExitRun0Mode
 .text.LL_GPIO_SetOutputPin
                0x08100804       0x1c ./Core/Src/main.o
 .text.LL_AHB4_GRP1_EnableClock
                0x08100820       0x38 ./Core/Src/main.o
 .text.FMC_init
                0x08100858      0x12c ./Core/Src/main.o
                0x08100858                FMC_init
 .text.SDRAM_Clear
                0x08100984       0x34 ./Core/Src/main.o
                0x08100984                SDRAM_Clear
 .text.SDRAM_WriteIncrement_bytes
                0x081009b8       0x34 ./Core/Src/main.o
                0x081009b8                SDRAM_WriteIncrement_bytes
 .text.SDRAM_WriteIncrement_words
                0x081009ec       0x34 ./Core/Src/main.o
                0x081009ec                SDRAM_WriteIncrement_words
 .text.SDRAM_WriteIncrement_dwords
                0x08100a20       0x34 ./Core/Src/main.o
                0x08100a20                SDRAM_WriteIncrement_dwords
 .text.FMC_Test
                0x08100a54       0xbc ./Core/Src/main.o
                0x08100a54                FMC_Test
 .text.main     0x08100b10       0x22 ./Core/Src/main.o
                0x08100b10                main
 *fill*         0x08100b32        0x2 
 .text.MX_FMC_Init
                0x08100b34       0xa4 ./Core/Src/main.o
 .text.MX_GPIO_Init
                0x08100bd8       0x70 ./Core/Src/main.o
 .text.Error_Handler
                0x08100c48        0xc ./Core/Src/main.o
                0x08100c48                Error_Handler
 .text.HAL_MspInit
                0x08100c54       0x34 ./Core/Src/stm32h7xx_hal_msp.o
                0x08100c54                HAL_MspInit
 .text.HAL_FMC_MspInit
                0x08100c88      0x1a8 ./Core/Src/stm32h7xx_hal_msp.o
 .text.HAL_SDRAM_MspInit
                0x08100e30       0x14 ./Core/Src/stm32h7xx_hal_msp.o
                0x08100e30                HAL_SDRAM_MspInit
 .text.NMI_Handler
                0x08100e44        0x8 ./Core/Src/stm32h7xx_it.o
                0x08100e44                NMI_Handler
 .text.HardFault_Handler
                0x08100e4c        0x8 ./Core/Src/stm32h7xx_it.o
                0x08100e4c                HardFault_Handler
 .text.MemManage_Handler
                0x08100e54        0x8 ./Core/Src/stm32h7xx_it.o
                0x08100e54                MemManage_Handler
 .text.BusFault_Handler
                0x08100e5c        0x8 ./Core/Src/stm32h7xx_it.o
                0x08100e5c                BusFault_Handler
 .text.UsageFault_Handler
                0x08100e64        0x8 ./Core/Src/stm32h7xx_it.o
                0x08100e64                UsageFault_Handler
 .text.SVC_Handler
                0x08100e6c        0xe ./Core/Src/stm32h7xx_it.o
                0x08100e6c                SVC_Handler
 .text.DebugMon_Handler
                0x08100e7a        0xe ./Core/Src/stm32h7xx_it.o
                0x08100e7a                DebugMon_Handler
 .text.PendSV_Handler
                0x08100e88        0xe ./Core/Src/stm32h7xx_it.o
                0x08100e88                PendSV_Handler
 .text.SysTick_Handler
                0x08100e96        0xc ./Core/Src/stm32h7xx_it.o
                0x08100e96                SysTick_Handler
 *fill*         0x08100ea2        0x2 
 .text.Reset_Handler
                0x08100ea4       0x54 ./Core/Startup/startup_stm32h745xihx.o
                0x08100ea4                Reset_Handler
 .text.Default_Handler
                0x08100ef8        0x2 ./Core/Startup/startup_stm32h745xihx.o
                0x08100ef8                RTC_Alarm_IRQHandler
                0x08100ef8                EXTI2_IRQHandler
                0x08100ef8                TIM8_CC_IRQHandler
                0x08100ef8                HRTIM1_Master_IRQHandler
                0x08100ef8                UART8_IRQHandler
                0x08100ef8                SPI4_IRQHandler
                0x08100ef8                TIM1_CC_IRQHandler
                0x08100ef8                BDMA_Channel6_IRQHandler
                0x08100ef8                DMA2_Stream5_IRQHandler
                0x08100ef8                HRTIM1_FLT_IRQHandler
                0x08100ef8                JPEG_IRQHandler
                0x08100ef8                DMA1_Stream5_IRQHandler
                0x08100ef8                BDMA_Channel1_IRQHandler
                0x08100ef8                HRTIM1_TIMD_IRQHandler
                0x08100ef8                TAMP_STAMP_IRQHandler
                0x08100ef8                EXTI3_IRQHandler
                0x08100ef8                LPTIM4_IRQHandler
                0x08100ef8                TIM8_TRG_COM_TIM14_IRQHandler
                0x08100ef8                LPTIM2_IRQHandler
                0x08100ef8                DFSDM1_FLT1_IRQHandler
                0x08100ef8                DMAMUX2_OVR_IRQHandler
                0x08100ef8                TIM8_UP_TIM13_IRQHandler
                0x08100ef8                I2C3_ER_IRQHandler
                0x08100ef8                DFSDM1_FLT2_IRQHandler
                0x08100ef8                MDMA_IRQHandler
                0x08100ef8                LPTIM3_IRQHandler
                0x08100ef8                HSEM1_IRQHandler
                0x08100ef8                EXTI0_IRQHandler
                0x08100ef8                I2C2_EV_IRQHandler
                0x08100ef8                DMA1_Stream2_IRQHandler
                0x08100ef8                FPU_IRQHandler
                0x08100ef8                OTG_HS_WKUP_IRQHandler
                0x08100ef8                FDCAN1_IT1_IRQHandler
                0x08100ef8                LTDC_ER_IRQHandler
                0x08100ef8                DMA2_Stream2_IRQHandler
                0x08100ef8                HRTIM1_TIME_IRQHandler
                0x08100ef8                SPI1_IRQHandler
                0x08100ef8                TIM6_DAC_IRQHandler
                0x08100ef8                DCMI_IRQHandler
                0x08100ef8                HRTIM1_TIMC_IRQHandler
                0x08100ef8                DMA2_Stream3_IRQHandler
                0x08100ef8                SAI2_IRQHandler
                0x08100ef8                DFSDM1_FLT3_IRQHandler
                0x08100ef8                USART6_IRQHandler
                0x08100ef8                TIM17_IRQHandler
                0x08100ef8                USART3_IRQHandler
                0x08100ef8                BDMA_Channel7_IRQHandler
                0x08100ef8                LPTIM5_IRQHandler
                0x08100ef8                UART5_IRQHandler
                0x08100ef8                ADC3_IRQHandler
                0x08100ef8                DMA2_Stream0_IRQHandler
                0x08100ef8                TIM4_IRQHandler
                0x08100ef8                BDMA_Channel2_IRQHandler
                0x08100ef8                QUADSPI_IRQHandler
                0x08100ef8                I2C1_EV_IRQHandler
                0x08100ef8                DMA1_Stream6_IRQHandler
                0x08100ef8                DMAMUX1_OVR_IRQHandler
                0x08100ef8                DMA1_Stream1_IRQHandler
                0x08100ef8                TIM16_IRQHandler
                0x08100ef8                UART4_IRQHandler
                0x08100ef8                BDMA_Channel5_IRQHandler
                0x08100ef8                TIM3_IRQHandler
                0x08100ef8                RCC_IRQHandler
                0x08100ef8                TIM8_BRK_TIM12_IRQHandler
                0x08100ef8                TIM1_TRG_COM_IRQHandler
                0x08100ef8                Default_Handler
                0x08100ef8                ECC_IRQHandler
                0x08100ef8                CEC_IRQHandler
                0x08100ef8                EXTI15_10_IRQHandler
                0x08100ef8                BDMA_Channel0_IRQHandler
                0x08100ef8                ADC_IRQHandler
                0x08100ef8                DMA1_Stream7_IRQHandler
                0x08100ef8                HRTIM1_TIMA_IRQHandler
                0x08100ef8                SPI5_IRQHandler
                0x08100ef8                TIM7_IRQHandler
                0x08100ef8                SDMMC1_IRQHandler
                0x08100ef8                TIM5_IRQHandler
                0x08100ef8                DMA2_Stream7_IRQHandler
                0x08100ef8                TIM15_IRQHandler
                0x08100ef8                PVD_AVD_IRQHandler
                0x08100ef8                I2C3_EV_IRQHandler
                0x08100ef8                EXTI9_5_IRQHandler
                0x08100ef8                RTC_WKUP_IRQHandler
                0x08100ef8                LTDC_IRQHandler
                0x08100ef8                SAI3_IRQHandler
                0x08100ef8                ETH_WKUP_IRQHandler
                0x08100ef8                SPDIF_RX_IRQHandler
                0x08100ef8                SPI2_IRQHandler
                0x08100ef8                OTG_HS_EP1_IN_IRQHandler
                0x08100ef8                DMA1_Stream0_IRQHandler
                0x08100ef8                CRS_IRQHandler
                0x08100ef8                CM7_SEV_IRQHandler
                0x08100ef8                EXTI4_IRQHandler
                0x08100ef8                RNG_IRQHandler
                0x08100ef8                CM4_SEV_IRQHandler
                0x08100ef8                HRTIM1_TIMB_IRQHandler
                0x08100ef8                FDCAN2_IT1_IRQHandler
                0x08100ef8                ETH_IRQHandler
                0x08100ef8                TIM1_UP_IRQHandler
                0x08100ef8                WWDG_RST_IRQHandler
                0x08100ef8                BDMA_Channel4_IRQHandler
                0x08100ef8                OTG_HS_EP1_OUT_IRQHandler
                0x08100ef8                WWDG_IRQHandler
                0x08100ef8                SPI6_IRQHandler
                0x08100ef8                MDIOS_IRQHandler
                0x08100ef8                I2C4_EV_IRQHandler
                0x08100ef8                FDCAN2_IT0_IRQHandler
                0x08100ef8                LPUART1_IRQHandler
                0x08100ef8                FDCAN1_IT0_IRQHandler
                0x08100ef8                TIM2_IRQHandler
                0x08100ef8                OTG_FS_WKUP_IRQHandler
                0x08100ef8                OTG_HS_IRQHandler
                0x08100ef8                HSEM2_IRQHandler
                0x08100ef8                DMA2D_IRQHandler
                0x08100ef8                TIM1_BRK_IRQHandler
                0x08100ef8                EXTI1_IRQHandler
                0x08100ef8                SDMMC2_IRQHandler
                0x08100ef8                OTG_FS_EP1_OUT_IRQHandler
                0x08100ef8                BDMA_Channel3_IRQHandler
                0x08100ef8                HOLD_CORE_IRQHandler
                0x08100ef8                UART7_IRQHandler
                0x08100ef8                MDIOS_WKUP_IRQHandler
                0x08100ef8                USART2_IRQHandler
                0x08100ef8                DFSDM1_FLT0_IRQHandler
                0x08100ef8                SAI4_IRQHandler
                0x08100ef8                I2C2_ER_IRQHandler
                0x08100ef8                DMA2_Stream1_IRQHandler
                0x08100ef8                FLASH_IRQHandler
                0x08100ef8                DMA2_Stream4_IRQHandler
                0x08100ef8                USART1_IRQHandler
                0x08100ef8                OTG_FS_IRQHandler
                0x08100ef8                SPI3_IRQHandler
                0x08100ef8                WAKEUP_PIN_IRQHandler
                0x08100ef8                DMA1_Stream4_IRQHandler
                0x08100ef8                OTG_FS_EP1_IN_IRQHandler
                0x08100ef8                I2C1_ER_IRQHandler
                0x08100ef8                FMC_IRQHandler
                0x08100ef8                FDCAN_CAL_IRQHandler
                0x08100ef8                SWPMI1_IRQHandler
                0x08100ef8                COMP1_IRQHandler
                0x08100ef8                LPTIM1_IRQHandler
                0x08100ef8                I2C4_ER_IRQHandler
                0x08100ef8                DMA2_Stream6_IRQHandler
                0x08100ef8                SAI1_IRQHandler
                0x08100ef8                DMA1_Stream3_IRQHandler
 *fill*         0x08100efa        0x2 
 .text.HAL_Init
                0x08100efc       0xbc ./Drivers/STM32H7xx_HAL_Driver/stm32h7xx_hal.o
                0x08100efc                HAL_Init
 .text.HAL_InitTick
                0x08100fb8       0x6c ./Drivers/STM32H7xx_HAL_Driver/stm32h7xx_hal.o
                0x08100fb8                HAL_InitTick
 .text.HAL_IncTick
                0x08101024       0x28 ./Drivers/STM32H7xx_HAL_Driver/stm32h7xx_hal.o
                0x08101024                HAL_IncTick
 .text.HAL_GetTick
                0x0810104c       0x18 ./Drivers/STM32H7xx_HAL_Driver/stm32h7xx_hal.o
                0x0810104c                HAL_GetTick
 .text.HAL_Delay
                0x08101064       0x48 ./Drivers/STM32H7xx_HAL_Driver/stm32h7xx_hal.o
                0x08101064                HAL_Delay
 .text.__NVIC_SetPriorityGrouping
                0x081010ac       0x48 ./Drivers/STM32H7xx_HAL_Driver/stm32h7xx_hal_cortex.o
 .text.__NVIC_GetPriorityGrouping
                0x081010f4       0x1c ./Drivers/STM32H7xx_HAL_Driver/stm32h7xx_hal_cortex.o
 .text.__NVIC_SetPriority
                0x08101110       0x54 ./Drivers/STM32H7xx_HAL_Driver/stm32h7xx_hal_cortex.o
 .text.NVIC_EncodePriority
                0x08101164       0x66 ./Drivers/STM32H7xx_HAL_Driver/stm32h7xx_hal_cortex.o
 *fill*         0x081011ca        0x2 
 .text.SysTick_Config
                0x081011cc       0x44 ./Drivers/STM32H7xx_HAL_Driver/stm32h7xx_hal_cortex.o
 .text.HAL_NVIC_SetPriorityGrouping
                0x08101210       0x16 ./Drivers/STM32H7xx_HAL_Driver/stm32h7xx_hal_cortex.o
                0x08101210                HAL_NVIC_SetPriorityGrouping
 .text.HAL_NVIC_SetPriority
                0x08101226       0x34 ./Drivers/STM32H7xx_HAL_Driver/stm32h7xx_hal_cortex.o
                0x08101226                HAL_NVIC_SetPriority
 .text.HAL_SYSTICK_Config
                0x0810125a       0x18 ./Drivers/STM32H7xx_HAL_Driver/stm32h7xx_hal_cortex.o
                0x0810125a                HAL_SYSTICK_Config
 *fill*         0x08101272        0x2 
 .text.HAL_GPIO_Init
                0x08101274      0x360 ./Drivers/STM32H7xx_HAL_Driver/stm32h7xx_hal_gpio.o
                0x08101274                HAL_GPIO_Init
 .text.HAL_RCC_GetSysClockFreq
                0x081015d4      0x2f4 ./Drivers/STM32H7xx_HAL_Driver/stm32h7xx_hal_rcc.o
                0x081015d4                HAL_RCC_GetSysClockFreq
 .text.HAL_RCC_GetHCLKFreq
                0x081018c8       0x64 ./Drivers/STM32H7xx_HAL_Driver/stm32h7xx_hal_rcc.o
                0x081018c8                HAL_RCC_GetHCLKFreq
 .text.HAL_RCCEx_PeriphCLKConfig
                0x0810192c     0x1414 ./Drivers/STM32H7xx_HAL_Driver/stm32h7xx_hal_rcc_ex.o
                0x0810192c                HAL_RCCEx_PeriphCLKConfig
 .text.RCCEx_PLL2_Config
                0x08102d40      0x164 ./Drivers/STM32H7xx_HAL_Driver/stm32h7xx_hal_rcc_ex.o
 .text.RCCEx_PLL3_Config
                0x08102ea4      0x164 ./Drivers/STM32H7xx_HAL_Driver/stm32h7xx_hal_rcc_ex.o
 .text.HAL_SDRAM_Init
                0x08103008       0x78 ./Drivers/STM32H7xx_HAL_Driver/stm32h7xx_hal_sdram.o
                0x08103008                HAL_SDRAM_Init
 .text.HAL_SDRAM_SendCommand
                0x08103080       0x6a ./Drivers/STM32H7xx_HAL_Driver/stm32h7xx_hal_sdram.o
                0x08103080                HAL_SDRAM_SendCommand
 .text.HAL_SDRAM_ProgramRefreshRate
                0x081030ea       0x50 ./Drivers/STM32H7xx_HAL_Driver/stm32h7xx_hal_sdram.o
                0x081030ea                HAL_SDRAM_ProgramRefreshRate
 .text.FMC_SDRAM_Init
                0x0810313a       0xba ./Drivers/STM32H7xx_HAL_Driver/stm32h7xx_ll_fmc.o
                0x0810313a                FMC_SDRAM_Init
 .text.FMC_SDRAM_Timing_Init
                0x081031f4       0xd2 ./Drivers/STM32H7xx_HAL_Driver/stm32h7xx_ll_fmc.o
                0x081031f4                FMC_SDRAM_Timing_Init
 .text.FMC_SDRAM_SendCommand
                0x081032c6       0x44 ./Drivers/STM32H7xx_HAL_Driver/stm32h7xx_ll_fmc.o
                0x081032c6                FMC_SDRAM_SendCommand
 .text.FMC_SDRAM_ProgramRefreshRate
                0x0810330a       0x2e ./Drivers/STM32H7xx_HAL_Driver/stm32h7xx_ll_fmc.o
                0x0810330a                FMC_SDRAM_ProgramRefreshRate
 .text.LL_GPIO_SetPinMode
                0x08103338       0x40 ./Drivers/STM32H7xx_HAL_Driver/stm32h7xx_ll_gpio.o
 .text.LL_GPIO_SetPinOutputType
                0x08103378       0x30 ./Drivers/STM32H7xx_HAL_Driver/stm32h7xx_ll_gpio.o
 .text.LL_GPIO_SetPinSpeed
                0x081033a8       0x40 ./Drivers/STM32H7xx_HAL_Driver/stm32h7xx_ll_gpio.o
 .text.LL_GPIO_SetPinPull
                0x081033e8       0x40 ./Drivers/STM32H7xx_HAL_Driver/stm32h7xx_ll_gpio.o
 .text.LL_GPIO_SetAFPin_0_7
                0x08103428       0x58 ./Drivers/STM32H7xx_HAL_Driver/stm32h7xx_ll_gpio.o
 .text.LL_GPIO_SetAFPin_8_15
                0x08103480       0x6c ./Drivers/STM32H7xx_HAL_Driver/stm32h7xx_ll_gpio.o
 .text.LL_GPIO_Init
                0x081034ec       0xdc ./Drivers/STM32H7xx_HAL_Driver/stm32h7xx_ll_gpio.o
                0x081034ec                LL_GPIO_Init
 .text.memset   0x081035c8       0x10 D:/STM32CubeIDE_1.19.0/STM32CubeIDE/plugins/com.st.stm32cube.ide.mcu.externaltools.gnu-tools-for-stm32.13.3.rel1.win32_1.0.0.202411081344/tools/bin/../lib/gcc/arm-none-eabi/13.3.1/../../../../arm-none-eabi/lib/thumb/v7e-m+fp/hard\libc_nano.a(libc_a-memset.o)
                0x081035c8                memset
 .text.__libc_init_array
                0x081035d8       0x48 D:/STM32CubeIDE_1.19.0/STM32CubeIDE/plugins/com.st.stm32cube.ide.mcu.externaltools.gnu-tools-for-stm32.13.3.rel1.win32_1.0.0.202411081344/tools/bin/../lib/gcc/arm-none-eabi/13.3.1/../../../../arm-none-eabi/lib/thumb/v7e-m+fp/hard\libc_nano.a(libc_a-init.o)
                0x081035d8                __libc_init_array
 .text.ceil     0x08103620       0xf8 D:/STM32CubeIDE_1.19.0/STM32CubeIDE/plugins/com.st.stm32cube.ide.mcu.externaltools.gnu-tools-for-stm32.13.3.rel1.win32_1.0.0.202411081344/tools/bin/../lib/gcc/arm-none-eabi/13.3.1/../../../../arm-none-eabi/lib/thumb/v7e-m+fp/hard\libm.a(libm_a-s_ceil.o)
                0x08103620                ceil
 *(.glue_7)
 .glue_7        0x08103718        0x0 linker stubs
 *(.glue_7t)
 .glue_7t       0x08103718        0x0 linker stubs
 *(.eh_frame)
 .eh_frame      0x08103718        0x0 D:/STM32CubeIDE_1.19.0/STM32CubeIDE/plugins/com.st.stm32cube.ide.mcu.externaltools.gnu-tools-for-stm32.13.3.rel1.win32_1.0.0.202411081344/tools/bin/../lib/gcc/arm-none-eabi/13.3.1/thumb/v7e-m+fp/hard/crtbegin.o
 *(.init)
 .init          0x08103718        0x4 D:/STM32CubeIDE_1.19.0/STM32CubeIDE/plugins/com.st.stm32cube.ide.mcu.externaltools.gnu-tools-for-stm32.13.3.rel1.win32_1.0.0.202411081344/tools/bin/../lib/gcc/arm-none-eabi/13.3.1/thumb/v7e-m+fp/hard/crti.o
                0x08103718                _init
 .init          0x0810371c        0x8 D:/STM32CubeIDE_1.19.0/STM32CubeIDE/plugins/com.st.stm32cube.ide.mcu.externaltools.gnu-tools-for-stm32.13.3.rel1.win32_1.0.0.202411081344/tools/bin/../lib/gcc/arm-none-eabi/13.3.1/thumb/v7e-m+fp/hard/crtn.o
 *(.fini)
 .fini          0x08103724        0x4 D:/STM32CubeIDE_1.19.0/STM32CubeIDE/plugins/com.st.stm32cube.ide.mcu.externaltools.gnu-tools-for-stm32.13.3.rel1.win32_1.0.0.202411081344/tools/bin/../lib/gcc/arm-none-eabi/13.3.1/thumb/v7e-m+fp/hard/crti.o
                0x08103724                _fini
 .fini          0x08103728        0x8 D:/STM32CubeIDE_1.19.0/STM32CubeIDE/plugins/com.st.stm32cube.ide.mcu.externaltools.gnu-tools-for-stm32.13.3.rel1.win32_1.0.0.202411081344/tools/bin/../lib/gcc/arm-none-eabi/13.3.1/thumb/v7e-m+fp/hard/crtn.o
                0x08103730                        . = ALIGN (0x4)
                0x08103730                        _etext = .

.vfp11_veneer   0x08103730        0x0
 .vfp11_veneer  0x08103730        0x0 linker stubs

.v4_bx          0x08103730        0x0
 .v4_bx         0x08103730        0x0 linker stubs

.iplt           0x08103730        0x0
 .iplt          0x08103730        0x0 D:/STM32CubeIDE_1.19.0/STM32CubeIDE/plugins/com.st.stm32cube.ide.mcu.externaltools.gnu-tools-for-stm32.13.3.rel1.win32_1.0.0.202411081344/tools/bin/../lib/gcc/arm-none-eabi/13.3.1/thumb/v7e-m+fp/hard/crtbegin.o

.rodata         0x08103730       0x10
                0x08103730                        . = ALIGN (0x4)
 *(.rodata)
 *(.rodata*)
 .rodata.D1CorePrescTable
                0x08103730       0x10 ./Common/Src/system_stm32h7xx_dualcore_boot_cm4_cm7.o
                0x08103730                D1CorePrescTable
                0x08103740                        . = ALIGN (0x4)

.ARM.extab
 *(.ARM.extab* .gnu.linkonce.armextab.*)

.ARM            0x08103740        0x0
                0x08103740                        __exidx_start = .
 *(.ARM.exidx*)
                0x08103740                        __exidx_end = .

.preinit_array  0x08103740        0x0
                0x08103740                        PROVIDE (__preinit_array_start = .)
 *(.preinit_array*)
                0x08103740                        PROVIDE (__preinit_array_end = .)

.init_array     0x08103740        0x4
                0x08103740                        PROVIDE (__init_array_start = .)
 *(SORT_BY_NAME(.init_array.*))
 *(.init_array*)
 .init_array    0x08103740        0x4 D:/STM32CubeIDE_1.19.0/STM32CubeIDE/plugins/com.st.stm32cube.ide.mcu.externaltools.gnu-tools-for-stm32.13.3.rel1.win32_1.0.0.202411081344/tools/bin/../lib/gcc/arm-none-eabi/13.3.1/thumb/v7e-m+fp/hard/crtbegin.o
                0x08103744                        PROVIDE (__init_array_end = .)

.fini_array     0x08103744        0x4
                [!provide]                        PROVIDE (__fini_array_start = .)
 *(SORT_BY_NAME(.fini_array.*))
 *(.fini_array*)
 .fini_array    0x08103744        0x4 D:/STM32CubeIDE_1.19.0/STM32CubeIDE/plugins/com.st.stm32cube.ide.mcu.externaltools.gnu-tools-for-stm32.13.3.rel1.win32_1.0.0.202411081344/tools/bin/../lib/gcc/arm-none-eabi/13.3.1/thumb/v7e-m+fp/hard/crtbegin.o
                [!provide]                        PROVIDE (__fini_array_end = .)
                0x08103748                        _sidata = LOADADDR (.data)

.rel.dyn        0x08103748        0x0
 .rel.iplt      0x08103748        0x0 D:/STM32CubeIDE_1.19.0/STM32CubeIDE/plugins/com.st.stm32cube.ide.mcu.externaltools.gnu-tools-for-stm32.13.3.rel1.win32_1.0.0.202411081344/tools/bin/../lib/gcc/arm-none-eabi/13.3.1/thumb/v7e-m+fp/hard/crtbegin.o

.data           0x10000000       0x10 load address 0x08103748
                0x10000000                        . = ALIGN (0x4)
                0x10000000                        _sdata = .
 *(.data)
 *(.data*)
 .data.SystemCoreClock
                0x10000000        0x4 ./Common/Src/system_stm32h7xx_dualcore_boot_cm4_cm7.o
                0x10000000                SystemCoreClock
 .data.SystemD2Clock
                0x10000004        0x4 ./Common/Src/system_stm32h7xx_dualcore_boot_cm4_cm7.o
                0x10000004                SystemD2Clock
 .data.uwTickPrio
                0x10000008        0x4 ./Drivers/STM32H7xx_HAL_Driver/stm32h7xx_hal.o
                0x10000008                uwTickPrio
 .data.uwTickFreq
                0x1000000c        0x1 ./Drivers/STM32H7xx_HAL_Driver/stm32h7xx_hal.o
                0x1000000c                uwTickFreq
 *(.RamFunc)
 *(.RamFunc*)
                0x10000010                        . = ALIGN (0x4)
 *fill*         0x1000000d        0x3 
                0x10000010                        _edata = .

.igot.plt       0x10000010        0x0 load address 0x08103758
 .igot.plt      0x10000010        0x0 D:/STM32CubeIDE_1.19.0/STM32CubeIDE/plugins/com.st.stm32cube.ide.mcu.externaltools.gnu-tools-for-stm32.13.3.rel1.win32_1.0.0.202411081344/tools/bin/../lib/gcc/arm-none-eabi/13.3.1/thumb/v7e-m+fp/hard/crtbegin.o
                0x10000010                        . = ALIGN (0x4)

.bss            0x10000010       0x58 load address 0x08103758
                0x10000010                        _sbss = .
                0x10000010                        __bss_start__ = _sbss
 *(.bss)
 .bss           0x10000010       0x1c D:/STM32CubeIDE_1.19.0/STM32CubeIDE/plugins/com.st.stm32cube.ide.mcu.externaltools.gnu-tools-for-stm32.13.3.rel1.win32_1.0.0.202411081344/tools/bin/../lib/gcc/arm-none-eabi/13.3.1/thumb/v7e-m+fp/hard/crtbegin.o
 *(.bss*)
 .bss.hsdram1   0x1000002c       0x34 ./Core/Src/main.o
                0x1000002c                hsdram1
 .bss.FMC_Initialized
                0x10000060        0x4 ./Core/Src/stm32h7xx_hal_msp.o
 .bss.uwTick    0x10000064        0x4 ./Drivers/STM32H7xx_HAL_Driver/stm32h7xx_hal.o
                0x10000064                uwTick
 *(COMMON)
                0x10000068                        . = ALIGN (0x4)
                0x10000068                        _ebss = .
                0x10000068                        __bss_end__ = _ebss

._user_heap_stack
                0x10000068      0x600 load address 0x08103758
                0x10000068                        . = ALIGN (0x8)
                [!provide]                        PROVIDE (end = .)
                0x10000068                        PROVIDE (_end = .)
                0x10000268                        . = (. + _Min_Heap_Size)
 *fill*         0x10000068      0x200 
                0x10000668                        . = (. + _Min_Stack_Size)
 *fill*         0x10000268      0x400 
                0x10000668                        . = ALIGN (0x8)

/DISCARD/
 libc.a(*)
 libm.a(*)
 libgcc.a(*)

.ARM.attributes
                0x00000000       0x30
 *(.ARM.attributes)
 .ARM.attributes
                0x00000000       0x22 D:/STM32CubeIDE_1.19.0/STM32CubeIDE/plugins/com.st.stm32cube.ide.mcu.externaltools.gnu-tools-for-stm32.13.3.rel1.win32_1.0.0.202411081344/tools/bin/../lib/gcc/arm-none-eabi/13.3.1/thumb/v7e-m+fp/hard/crti.o
 .ARM.attributes
                0x00000022       0x34 D:/STM32CubeIDE_1.19.0/STM32CubeIDE/plugins/com.st.stm32cube.ide.mcu.externaltools.gnu-tools-for-stm32.13.3.rel1.win32_1.0.0.202411081344/tools/bin/../lib/gcc/arm-none-eabi/13.3.1/thumb/v7e-m+fp/hard/crtbegin.o
 .ARM.attributes
                0x00000056       0x34 ./Common/Src/system_stm32h7xx_dualcore_boot_cm4_cm7.o
 .ARM.attributes
                0x0000008a       0x34 ./Core/Src/main.o
 .ARM.attributes
                0x000000be       0x34 ./Core/Src/stm32h7xx_hal_msp.o
 .ARM.attributes
                0x000000f2       0x34 ./Core/Src/stm32h7xx_it.o
 .ARM.attributes
                0x00000126       0x21 ./Core/Startup/startup_stm32h745xihx.o
 .ARM.attributes
                0x00000147       0x34 ./Drivers/STM32H7xx_HAL_Driver/stm32h7xx_hal.o
 .ARM.attributes
                0x0000017b       0x34 ./Drivers/STM32H7xx_HAL_Driver/stm32h7xx_hal_cortex.o
 .ARM.attributes
                0x000001af       0x34 ./Drivers/STM32H7xx_HAL_Driver/stm32h7xx_hal_gpio.o
 .ARM.attributes
                0x000001e3       0x34 ./Drivers/STM32H7xx_HAL_Driver/stm32h7xx_hal_rcc.o
 .ARM.attributes
                0x00000217       0x34 ./Drivers/STM32H7xx_HAL_Driver/stm32h7xx_hal_rcc_ex.o
 .ARM.attributes
                0x0000024b       0x34 ./Drivers/STM32H7xx_HAL_Driver/stm32h7xx_hal_sdram.o
 .ARM.attributes
                0x0000027f       0x34 ./Drivers/STM32H7xx_HAL_Driver/stm32h7xx_ll_fmc.o
 .ARM.attributes
                0x000002b3       0x34 ./Drivers/STM32H7xx_HAL_Driver/stm32h7xx_ll_gpio.o
 .ARM.attributes
                0x000002e7       0x34 D:/STM32CubeIDE_1.19.0/STM32CubeIDE/plugins/com.st.stm32cube.ide.mcu.externaltools.gnu-tools-for-stm32.13.3.rel1.win32_1.0.0.202411081344/tools/bin/../lib/gcc/arm-none-eabi/13.3.1/../../../../arm-none-eabi/lib/thumb/v7e-m+fp/hard\libc_nano.a(libc_a-memset.o)
 .ARM.attributes
                0x0000031b       0x34 D:/STM32CubeIDE_1.19.0/STM32CubeIDE/plugins/com.st.stm32cube.ide.mcu.externaltools.gnu-tools-for-stm32.13.3.rel1.win32_1.0.0.202411081344/tools/bin/../lib/gcc/arm-none-eabi/13.3.1/../../../../arm-none-eabi/lib/thumb/v7e-m+fp/hard\libc_nano.a(libc_a-init.o)
 .ARM.attributes
                0x0000034f       0x34 D:/STM32CubeIDE_1.19.0/STM32CubeIDE/plugins/com.st.stm32cube.ide.mcu.externaltools.gnu-tools-for-stm32.13.3.rel1.win32_1.0.0.202411081344/tools/bin/../lib/gcc/arm-none-eabi/13.3.1/../../../../arm-none-eabi/lib/thumb/v7e-m+fp/hard\libm.a(libm_a-s_ceil.o)
 .ARM.attributes
                0x00000383       0x22 D:/STM32CubeIDE_1.19.0/STM32CubeIDE/plugins/com.st.stm32cube.ide.mcu.externaltools.gnu-tools-for-stm32.13.3.rel1.win32_1.0.0.202411081344/tools/bin/../lib/gcc/arm-none-eabi/13.3.1/thumb/v7e-m+fp/hard\libgcc.a(_arm_addsubdf3.o)
 .ARM.attributes
                0x000003a5       0x22 D:/STM32CubeIDE_1.19.0/STM32CubeIDE/plugins/com.st.stm32cube.ide.mcu.externaltools.gnu-tools-for-stm32.13.3.rel1.win32_1.0.0.202411081344/tools/bin/../lib/gcc/arm-none-eabi/13.3.1/thumb/v7e-m+fp/hard\libgcc.a(_arm_cmpdf2.o)
 .ARM.attributes
                0x000003c7       0x22 D:/STM32CubeIDE_1.19.0/STM32CubeIDE/plugins/com.st.stm32cube.ide.mcu.externaltools.gnu-tools-for-stm32.13.3.rel1.win32_1.0.0.202411081344/tools/bin/../lib/gcc/arm-none-eabi/13.3.1/thumb/v7e-m+fp/hard\libgcc.a(_arm_fixunsdfsi.o)
 .ARM.attributes
                0x000003e9       0x22 D:/STM32CubeIDE_1.19.0/STM32CubeIDE/plugins/com.st.stm32cube.ide.mcu.externaltools.gnu-tools-for-stm32.13.3.rel1.win32_1.0.0.202411081344/tools/bin/../lib/gcc/arm-none-eabi/13.3.1/thumb/v7e-m+fp/hard/crtn.o
OUTPUT(COMM_HW100_CM4.elf elf32-littlearm)
LOAD linker stubs
LOAD D:/STM32CubeIDE_1.19.0/STM32CubeIDE/plugins/com.st.stm32cube.ide.mcu.externaltools.gnu-tools-for-stm32.13.3.rel1.win32_1.0.0.202411081344/tools/bin/../lib/gcc/arm-none-eabi/13.3.1/../../../../arm-none-eabi/lib/thumb/v7e-m+fp/hard\libc.a
LOAD D:/STM32CubeIDE_1.19.0/STM32CubeIDE/plugins/com.st.stm32cube.ide.mcu.externaltools.gnu-tools-for-stm32.13.3.rel1.win32_1.0.0.202411081344/tools/bin/../lib/gcc/arm-none-eabi/13.3.1/../../../../arm-none-eabi/lib/thumb/v7e-m+fp/hard\libm.a
LOAD D:/STM32CubeIDE_1.19.0/STM32CubeIDE/plugins/com.st.stm32cube.ide.mcu.externaltools.gnu-tools-for-stm32.13.3.rel1.win32_1.0.0.202411081344/tools/bin/../lib/gcc/arm-none-eabi/13.3.1/thumb/v7e-m+fp/hard\libgcc.a

.debug_info     0x00000000     0xa72b
 .debug_info    0x00000000      0x823 ./Common/Src/system_stm32h7xx_dualcore_boot_cm4_cm7.o
 .debug_info    0x00000823     0x1320 ./Core/Src/main.o
 .debug_info    0x00001b43      0xfb6 ./Core/Src/stm32h7xx_hal_msp.o
 .debug_info    0x00002af9      0x1ae ./Core/Src/stm32h7xx_it.o
 .debug_info    0x00002ca7       0x30 ./Core/Startup/startup_stm32h745xihx.o
 .debug_info    0x00002cd7     0x17b0 ./Drivers/STM32H7xx_HAL_Driver/stm32h7xx_hal.o
 .debug_info    0x00004487      0xf2c ./Drivers/STM32H7xx_HAL_Driver/stm32h7xx_hal_cortex.o
 .debug_info    0x000053b3      0xd06 ./Drivers/STM32H7xx_HAL_Driver/stm32h7xx_hal_gpio.o
 .debug_info    0x000060b9      0xe67 ./Drivers/STM32H7xx_HAL_Driver/stm32h7xx_hal_rcc.o
 .debug_info    0x00006f20     0x1303 ./Drivers/STM32H7xx_HAL_Driver/stm32h7xx_hal_rcc_ex.o
 .debug_info    0x00008223     0x107c ./Drivers/STM32H7xx_HAL_Driver/stm32h7xx_hal_sdram.o
 .debug_info    0x0000929f      0xbe3 ./Drivers/STM32H7xx_HAL_Driver/stm32h7xx_ll_fmc.o
 .debug_info    0x00009e82      0x8a9 ./Drivers/STM32H7xx_HAL_Driver/stm32h7xx_ll_gpio.o

.debug_abbrev   0x00000000     0x1a85
 .debug_abbrev  0x00000000      0x152 ./Common/Src/system_stm32h7xx_dualcore_boot_cm4_cm7.o
 .debug_abbrev  0x00000152      0x320 ./Core/Src/main.o
 .debug_abbrev  0x00000472      0x250 ./Core/Src/stm32h7xx_hal_msp.o
 .debug_abbrev  0x000006c2       0xad ./Core/Src/stm32h7xx_it.o
 .debug_abbrev  0x0000076f       0x24 ./Core/Startup/startup_stm32h745xihx.o
 .debug_abbrev  0x00000793      0x29f ./Drivers/STM32H7xx_HAL_Driver/stm32h7xx_hal.o
 .debug_abbrev  0x00000a32      0x337 ./Drivers/STM32H7xx_HAL_Driver/stm32h7xx_hal_cortex.o
 .debug_abbrev  0x00000d69      0x205 ./Drivers/STM32H7xx_HAL_Driver/stm32h7xx_hal_gpio.o
 .debug_abbrev  0x00000f6e      0x2c8 ./Drivers/STM32H7xx_HAL_Driver/stm32h7xx_hal_rcc.o
 .debug_abbrev  0x00001236      0x269 ./Drivers/STM32H7xx_HAL_Driver/stm32h7xx_hal_rcc_ex.o
 .debug_abbrev  0x0000149f      0x209 ./Drivers/STM32H7xx_HAL_Driver/stm32h7xx_hal_sdram.o
 .debug_abbrev  0x000016a8      0x1ac ./Drivers/STM32H7xx_HAL_Driver/stm32h7xx_ll_fmc.o
 .debug_abbrev  0x00001854      0x231 ./Drivers/STM32H7xx_HAL_Driver/stm32h7xx_ll_gpio.o

.debug_aranges  0x00000000      0x8b0
 .debug_aranges
                0x00000000       0x30 ./Common/Src/system_stm32h7xx_dualcore_boot_cm4_cm7.o
 .debug_aranges
                0x00000030       0x88 ./Core/Src/main.o
 .debug_aranges
                0x000000b8       0x40 ./Core/Src/stm32h7xx_hal_msp.o
 .debug_aranges
                0x000000f8       0x60 ./Core/Src/stm32h7xx_it.o
 .debug_aranges
                0x00000158       0x28 ./Core/Startup/startup_stm32h745xihx.o
 .debug_aranges
                0x00000180      0x200 ./Drivers/STM32H7xx_HAL_Driver/stm32h7xx_hal.o
 .debug_aranges
                0x00000380      0x130 ./Drivers/STM32H7xx_HAL_Driver/stm32h7xx_hal_cortex.o
 .debug_aranges
                0x000004b0       0x58 ./Drivers/STM32H7xx_HAL_Driver/stm32h7xx_hal_gpio.o
 .debug_aranges
                0x00000508       0x88 ./Drivers/STM32H7xx_HAL_Driver/stm32h7xx_hal_rcc.o
 .debug_aranges
                0x00000590      0x100 ./Drivers/STM32H7xx_HAL_Driver/stm32h7xx_hal_rcc_ex.o
 .debug_aranges
                0x00000690       0xe8 ./Drivers/STM32H7xx_HAL_Driver/stm32h7xx_hal_sdram.o
 .debug_aranges
                0x00000778       0xc8 ./Drivers/STM32H7xx_HAL_Driver/stm32h7xx_ll_fmc.o
 .debug_aranges
                0x00000840       0x70 ./Drivers/STM32H7xx_HAL_Driver/stm32h7xx_ll_gpio.o

.debug_rnglists
                0x00000000      0x672
 .debug_rnglists
                0x00000000       0x20 ./Common/Src/system_stm32h7xx_dualcore_boot_cm4_cm7.o
 .debug_rnglists
                0x00000020       0x64 ./Core/Src/main.o
 .debug_rnglists
                0x00000084       0x2d ./Core/Src/stm32h7xx_hal_msp.o
 .debug_rnglists
                0x000000b1       0x43 ./Core/Src/stm32h7xx_it.o
 .debug_rnglists
                0x000000f4       0x19 ./Core/Startup/startup_stm32h745xihx.o
 .debug_rnglists
                0x0000010d      0x181 ./Drivers/STM32H7xx_HAL_Driver/stm32h7xx_hal.o
 .debug_rnglists
                0x0000028e       0xe0 ./Drivers/STM32H7xx_HAL_Driver/stm32h7xx_hal_cortex.o
 .debug_rnglists
                0x0000036e       0x3f ./Drivers/STM32H7xx_HAL_Driver/stm32h7xx_hal_gpio.o
 .debug_rnglists
                0x000003ad       0x68 ./Drivers/STM32H7xx_HAL_Driver/stm32h7xx_hal_rcc.o
 .debug_rnglists
                0x00000415       0xc6 ./Drivers/STM32H7xx_HAL_Driver/stm32h7xx_hal_rcc_ex.o
 .debug_rnglists
                0x000004db       0xb1 ./Drivers/STM32H7xx_HAL_Driver/stm32h7xx_hal_sdram.o
 .debug_rnglists
                0x0000058c       0x95 ./Drivers/STM32H7xx_HAL_Driver/stm32h7xx_ll_fmc.o
 .debug_rnglists
                0x00000621       0x51 ./Drivers/STM32H7xx_HAL_Driver/stm32h7xx_ll_gpio.o

.debug_macro    0x00000000    0x3c3ad
 .debug_macro   0x00000000      0x29d ./Common/Src/system_stm32h7xx_dualcore_boot_cm4_cm7.o
 .debug_macro   0x0000029d      0xaea ./Common/Src/system_stm32h7xx_dualcore_boot_cm4_cm7.o
 .debug_macro   0x00000d87       0x2e ./Common/Src/system_stm32h7xx_dualcore_boot_cm4_cm7.o
 .debug_macro   0x00000db5       0x3b ./Common/Src/system_stm32h7xx_dualcore_boot_cm4_cm7.o
 .debug_macro   0x00000df0       0x22 ./Common/Src/system_stm32h7xx_dualcore_boot_cm4_cm7.o
 .debug_macro   0x00000e12       0x8e ./Common/Src/system_stm32h7xx_dualcore_boot_cm4_cm7.o
 .debug_macro   0x00000ea0       0x51 ./Common/Src/system_stm32h7xx_dualcore_boot_cm4_cm7.o
 .debug_macro   0x00000ef1      0x103 ./Common/Src/system_stm32h7xx_dualcore_boot_cm4_cm7.o
 .debug_macro   0x00000ff4       0x6a ./Common/Src/system_stm32h7xx_dualcore_boot_cm4_cm7.o
 .debug_macro   0x0000105e      0x1df ./Common/Src/system_stm32h7xx_dualcore_boot_cm4_cm7.o
 .debug_macro   0x0000123d       0x1c ./Common/Src/system_stm32h7xx_dualcore_boot_cm4_cm7.o
 .debug_macro   0x00001259       0x22 ./Common/Src/system_stm32h7xx_dualcore_boot_cm4_cm7.o
 .debug_macro   0x0000127b       0xfb ./Common/Src/system_stm32h7xx_dualcore_boot_cm4_cm7.o
 .debug_macro   0x00001376     0x1011 ./Common/Src/system_stm32h7xx_dualcore_boot_cm4_cm7.o
 .debug_macro   0x00002387      0x11f ./Common/Src/system_stm32h7xx_dualcore_boot_cm4_cm7.o
 .debug_macro   0x000024a6    0x27066 ./Common/Src/system_stm32h7xx_dualcore_boot_cm4_cm7.o
 .debug_macro   0x0002950c       0x6d ./Common/Src/system_stm32h7xx_dualcore_boot_cm4_cm7.o
 .debug_macro   0x00029579      0x232 ./Common/Src/system_stm32h7xx_dualcore_boot_cm4_cm7.o
 .debug_macro   0x000297ab     0x3d79 ./Common/Src/system_stm32h7xx_dualcore_boot_cm4_cm7.o
 .debug_macro   0x0002d524      0x190 ./Common/Src/system_stm32h7xx_dualcore_boot_cm4_cm7.o
 .debug_macro   0x0002d6b4       0x61 ./Common/Src/system_stm32h7xx_dualcore_boot_cm4_cm7.o
 .debug_macro   0x0002d715       0x2a ./Common/Src/system_stm32h7xx_dualcore_boot_cm4_cm7.o
 .debug_macro   0x0002d73f       0x43 ./Common/Src/system_stm32h7xx_dualcore_boot_cm4_cm7.o
 .debug_macro   0x0002d782       0x34 ./Common/Src/system_stm32h7xx_dualcore_boot_cm4_cm7.o
 .debug_macro   0x0002d7b6      0x370 ./Common/Src/system_stm32h7xx_dualcore_boot_cm4_cm7.o
 .debug_macro   0x0002db26       0x16 ./Common/Src/system_stm32h7xx_dualcore_boot_cm4_cm7.o
 .debug_macro   0x0002db3c       0x4a ./Common/Src/system_stm32h7xx_dualcore_boot_cm4_cm7.o
 .debug_macro   0x0002db86       0x34 ./Common/Src/system_stm32h7xx_dualcore_boot_cm4_cm7.o
 .debug_macro   0x0002dbba       0x10 ./Common/Src/system_stm32h7xx_dualcore_boot_cm4_cm7.o
 .debug_macro   0x0002dbca       0x58 ./Common/Src/system_stm32h7xx_dualcore_boot_cm4_cm7.o
 .debug_macro   0x0002dc22       0x8e ./Common/Src/system_stm32h7xx_dualcore_boot_cm4_cm7.o
 .debug_macro   0x0002dcb0       0x1c ./Common/Src/system_stm32h7xx_dualcore_boot_cm4_cm7.o
 .debug_macro   0x0002dccc      0x185 ./Common/Src/system_stm32h7xx_dualcore_boot_cm4_cm7.o
 .debug_macro   0x0002de51      0x19b ./Common/Src/system_stm32h7xx_dualcore_boot_cm4_cm7.o
 .debug_macro   0x0002dfec       0x5d ./Common/Src/system_stm32h7xx_dualcore_boot_cm4_cm7.o
 .debug_macro   0x0002e049     0x3a9d ./Common/Src/system_stm32h7xx_dualcore_boot_cm4_cm7.o
 .debug_macro   0x00031ae6     0x1072 ./Common/Src/system_stm32h7xx_dualcore_boot_cm4_cm7.o
 .debug_macro   0x00032b58      0x154 ./Common/Src/system_stm32h7xx_dualcore_boot_cm4_cm7.o
 .debug_macro   0x00032cac      0x130 ./Common/Src/system_stm32h7xx_dualcore_boot_cm4_cm7.o
 .debug_macro   0x00032ddc      0x3c2 ./Common/Src/system_stm32h7xx_dualcore_boot_cm4_cm7.o
 .debug_macro   0x0003319e       0xac ./Common/Src/system_stm32h7xx_dualcore_boot_cm4_cm7.o
 .debug_macro   0x0003324a      0x72d ./Common/Src/system_stm32h7xx_dualcore_boot_cm4_cm7.o
 .debug_macro   0x00033977      0x228 ./Common/Src/system_stm32h7xx_dualcore_boot_cm4_cm7.o
 .debug_macro   0x00033b9f       0x66 ./Common/Src/system_stm32h7xx_dualcore_boot_cm4_cm7.o
 .debug_macro   0x00033c05      0x3bb ./Common/Src/system_stm32h7xx_dualcore_boot_cm4_cm7.o
 .debug_macro   0x00033fc0      0x407 ./Common/Src/system_stm32h7xx_dualcore_boot_cm4_cm7.o
 .debug_macro   0x000343c7      0x244 ./Common/Src/system_stm32h7xx_dualcore_boot_cm4_cm7.o
 .debug_macro   0x0003460b      0x3ca ./Common/Src/system_stm32h7xx_dualcore_boot_cm4_cm7.o
 .debug_macro   0x000349d5      0x4a2 ./Common/Src/system_stm32h7xx_dualcore_boot_cm4_cm7.o
 .debug_macro   0x00034e77       0x51 ./Common/Src/system_stm32h7xx_dualcore_boot_cm4_cm7.o
 .debug_macro   0x00034ec8       0x4a ./Common/Src/system_stm32h7xx_dualcore_boot_cm4_cm7.o
 .debug_macro   0x00034f12      0x22c ./Common/Src/system_stm32h7xx_dualcore_boot_cm4_cm7.o
 .debug_macro   0x0003513e       0x67 ./Common/Src/system_stm32h7xx_dualcore_boot_cm4_cm7.o
 .debug_macro   0x000351a5       0xa5 ./Common/Src/system_stm32h7xx_dualcore_boot_cm4_cm7.o
 .debug_macro   0x0003524a      0x218 ./Common/Src/system_stm32h7xx_dualcore_boot_cm4_cm7.o
 .debug_macro   0x00035462      0x2ea ./Common/Src/system_stm32h7xx_dualcore_boot_cm4_cm7.o
 .debug_macro   0x0003574c       0x35 ./Common/Src/system_stm32h7xx_dualcore_boot_cm4_cm7.o
 .debug_macro   0x00035781      0x512 ./Common/Src/system_stm32h7xx_dualcore_boot_cm4_cm7.o
 .debug_macro   0x00035c93      0x7a4 ./Common/Src/system_stm32h7xx_dualcore_boot_cm4_cm7.o
 .debug_macro   0x00036437      0x36d ./Core/Src/main.o
 .debug_macro   0x000367a4     0x1044 ./Core/Src/main.o
 .debug_macro   0x000377e8      0x24d ./Core/Src/main.o
 .debug_macro   0x00037a35      0x9dc ./Core/Src/main.o
 .debug_macro   0x00038411      0x631 ./Core/Src/main.o
 .debug_macro   0x00038a42      0x40f ./Core/Src/main.o
 .debug_macro   0x00038e51      0x384 ./Core/Src/main.o
 .debug_macro   0x000391d5      0x165 ./Core/Src/main.o
 .debug_macro   0x0003933a      0x2db ./Core/Src/main.o
 .debug_macro   0x00039615      0x34a ./Core/Src/main.o
 .debug_macro   0x0003995f      0x1b0 ./Core/Src/main.o
 .debug_macro   0x00039b0f       0x46 ./Core/Src/main.o
 .debug_macro   0x00039b55      0x284 ./Core/Src/main.o
 .debug_macro   0x00039dd9      0x79a ./Core/Src/main.o
 .debug_macro   0x0003a573      0x1ae ./Core/Src/main.o
 .debug_macro   0x0003a721       0x10 ./Core/Src/main.o
 .debug_macro   0x0003a731       0x22 ./Core/Src/main.o
 .debug_macro   0x0003a753      0x33e ./Core/Src/stm32h7xx_hal_msp.o
 .debug_macro   0x0003aa91      0x348 ./Core/Src/stm32h7xx_it.o
 .debug_macro   0x0003add9      0x2c7 ./Drivers/STM32H7xx_HAL_Driver/stm32h7xx_hal.o
 .debug_macro   0x0003b0a0      0x29d ./Drivers/STM32H7xx_HAL_Driver/stm32h7xx_hal_cortex.o
 .debug_macro   0x0003b33d      0x2b1 ./Drivers/STM32H7xx_HAL_Driver/stm32h7xx_hal_gpio.o
 .debug_macro   0x0003b5ee      0x2c1 ./Drivers/STM32H7xx_HAL_Driver/stm32h7xx_hal_rcc.o
 .debug_macro   0x0003b8af      0x2bb ./Drivers/STM32H7xx_HAL_Driver/stm32h7xx_hal_rcc_ex.o
 .debug_macro   0x0003bb6a      0x29d ./Drivers/STM32H7xx_HAL_Driver/stm32h7xx_hal_sdram.o
 .debug_macro   0x0003be07      0x2c7 ./Drivers/STM32H7xx_HAL_Driver/stm32h7xx_ll_fmc.o
 .debug_macro   0x0003c0ce      0x2df ./Drivers/STM32H7xx_HAL_Driver/stm32h7xx_ll_gpio.o

.debug_line     0x00000000     0xb49c
 .debug_line    0x00000000      0xa72 ./Common/Src/system_stm32h7xx_dualcore_boot_cm4_cm7.o
 .debug_line    0x00000a72      0xda5 ./Core/Src/main.o
 .debug_line    0x00001817      0xaee ./Core/Src/stm32h7xx_hal_msp.o
 .debug_line    0x00002305      0xa94 ./Core/Src/stm32h7xx_it.o
 .debug_line    0x00002d99       0x7b ./Core/Startup/startup_stm32h745xihx.o
 .debug_line    0x00002e14     0x1017 ./Drivers/STM32H7xx_HAL_Driver/stm32h7xx_hal.o
 .debug_line    0x00003e2b      0xeab ./Drivers/STM32H7xx_HAL_Driver/stm32h7xx_hal_cortex.o
 .debug_line    0x00004cd6      0xd40 ./Drivers/STM32H7xx_HAL_Driver/stm32h7xx_hal_gpio.o
 .debug_line    0x00005a16     0x155c ./Drivers/STM32H7xx_HAL_Driver/stm32h7xx_hal_rcc.o
 .debug_line    0x00006f72     0x1e81 ./Drivers/STM32H7xx_HAL_Driver/stm32h7xx_hal_rcc_ex.o
 .debug_line    0x00008df3      0xedd ./Drivers/STM32H7xx_HAL_Driver/stm32h7xx_hal_sdram.o
 .debug_line    0x00009cd0      0xcde ./Drivers/STM32H7xx_HAL_Driver/stm32h7xx_ll_fmc.o
 .debug_line    0x0000a9ae      0xaee ./Drivers/STM32H7xx_HAL_Driver/stm32h7xx_ll_gpio.o

.debug_str      0x00000000   0x194f20
 .debug_str     0x00000000   0x194f20 ./Common/Src/system_stm32h7xx_dualcore_boot_cm4_cm7.o
                             0x16fc04 (size before relaxing)
 .debug_str     0x00194f20   0x19247a ./Core/Src/main.o
 .debug_str     0x00194f20   0x192151 ./Core/Src/stm32h7xx_hal_msp.o
 .debug_str     0x00194f20   0x19163a ./Core/Src/stm32h7xx_it.o
 .debug_str     0x00194f20       0x8c ./Core/Startup/startup_stm32h745xihx.o
 .debug_str     0x00194f20   0x170f25 ./Drivers/STM32H7xx_HAL_Driver/stm32h7xx_hal.o
 .debug_str     0x00194f20   0x1706ab ./Drivers/STM32H7xx_HAL_Driver/stm32h7xx_hal_cortex.o
 .debug_str     0x00194f20   0x16fe13 ./Drivers/STM32H7xx_HAL_Driver/stm32h7xx_hal_gpio.o
 .debug_str     0x00194f20   0x170194 ./Drivers/STM32H7xx_HAL_Driver/stm32h7xx_hal_rcc.o
 .debug_str     0x00194f20   0x1706c9 ./Drivers/STM32H7xx_HAL_Driver/stm32h7xx_hal_rcc_ex.o
 .debug_str     0x00194f20   0x17026b ./Drivers/STM32H7xx_HAL_Driver/stm32h7xx_hal_sdram.o
 .debug_str     0x00194f20   0x17031b ./Drivers/STM32H7xx_HAL_Driver/stm32h7xx_ll_fmc.o
 .debug_str     0x00194f20   0x171f8e ./Drivers/STM32H7xx_HAL_Driver/stm32h7xx_ll_gpio.o

.comment        0x00000000       0x43
 .comment       0x00000000       0x43 ./Common/Src/system_stm32h7xx_dualcore_boot_cm4_cm7.o
                                 0x44 (size before relaxing)
 .comment       0x00000043       0x44 ./Core/Src/main.o
 .comment       0x00000043       0x44 ./Core/Src/stm32h7xx_hal_msp.o
 .comment       0x00000043       0x44 ./Core/Src/stm32h7xx_it.o
 .comment       0x00000043       0x44 ./Drivers/STM32H7xx_HAL_Driver/stm32h7xx_hal.o
 .comment       0x00000043       0x44 ./Drivers/STM32H7xx_HAL_Driver/stm32h7xx_hal_cortex.o
 .comment       0x00000043       0x44 ./Drivers/STM32H7xx_HAL_Driver/stm32h7xx_hal_gpio.o
 .comment       0x00000043       0x44 ./Drivers/STM32H7xx_HAL_Driver/stm32h7xx_hal_rcc.o
 .comment       0x00000043       0x44 ./Drivers/STM32H7xx_HAL_Driver/stm32h7xx_hal_rcc_ex.o
 .comment       0x00000043       0x44 ./Drivers/STM32H7xx_HAL_Driver/stm32h7xx_hal_sdram.o
 .comment       0x00000043       0x44 ./Drivers/STM32H7xx_HAL_Driver/stm32h7xx_ll_fmc.o
 .comment       0x00000043       0x44 ./Drivers/STM32H7xx_HAL_Driver/stm32h7xx_ll_gpio.o

.debug_frame    0x00000000     0x245c
 .debug_frame   0x00000000       0x78 ./Common/Src/system_stm32h7xx_dualcore_boot_cm4_cm7.o
 .debug_frame   0x00000078      0x210 ./Core/Src/main.o
 .debug_frame   0x00000288       0xc4 ./Core/Src/stm32h7xx_hal_msp.o
 .debug_frame   0x0000034c      0x104 ./Core/Src/stm32h7xx_it.o
 .debug_frame   0x00000450      0x848 ./Drivers/STM32H7xx_HAL_Driver/stm32h7xx_hal.o
 .debug_frame   0x00000c98      0x508 ./Drivers/STM32H7xx_HAL_Driver/stm32h7xx_hal_cortex.o
 .debug_frame   0x000011a0      0x14c ./Drivers/STM32H7xx_HAL_Driver/stm32h7xx_hal_gpio.o
 .debug_frame   0x000012ec      0x1f8 ./Drivers/STM32H7xx_HAL_Driver/stm32h7xx_hal_rcc.o
 .debug_frame   0x000014e4      0x43c ./Drivers/STM32H7xx_HAL_Driver/stm32h7xx_hal_rcc_ex.o
 .debug_frame   0x00001920      0x3f0 ./Drivers/STM32H7xx_HAL_Driver/stm32h7xx_hal_sdram.o
 .debug_frame   0x00001d10      0x37c ./Drivers/STM32H7xx_HAL_Driver/stm32h7xx_ll_fmc.o
 .debug_frame   0x0000208c      0x1c0 ./Drivers/STM32H7xx_HAL_Driver/stm32h7xx_ll_gpio.o
 .debug_frame   0x0000224c       0x20 D:/STM32CubeIDE_1.19.0/STM32CubeIDE/plugins/com.st.stm32cube.ide.mcu.externaltools.gnu-tools-for-stm32.13.3.rel1.win32_1.0.0.202411081344/tools/bin/../lib/gcc/arm-none-eabi/13.3.1/../../../../arm-none-eabi/lib/thumb/v7e-m+fp/hard\libc_nano.a(libc_a-memset.o)
 .debug_frame   0x0000226c       0x2c D:/STM32CubeIDE_1.19.0/STM32CubeIDE/plugins/com.st.stm32cube.ide.mcu.externaltools.gnu-tools-for-stm32.13.3.rel1.win32_1.0.0.202411081344/tools/bin/../lib/gcc/arm-none-eabi/13.3.1/../../../../arm-none-eabi/lib/thumb/v7e-m+fp/hard\libc_nano.a(libc_a-init.o)
 .debug_frame   0x00002298       0x30 D:/STM32CubeIDE_1.19.0/STM32CubeIDE/plugins/com.st.stm32cube.ide.mcu.externaltools.gnu-tools-for-stm32.13.3.rel1.win32_1.0.0.202411081344/tools/bin/../lib/gcc/arm-none-eabi/13.3.1/../../../../arm-none-eabi/lib/thumb/v7e-m+fp/hard\libm.a(libm_a-s_ceil.o)
 .debug_frame   0x000022c8       0xac D:/STM32CubeIDE_1.19.0/STM32CubeIDE/plugins/com.st.stm32cube.ide.mcu.externaltools.gnu-tools-for-stm32.13.3.rel1.win32_1.0.0.202411081344/tools/bin/../lib/gcc/arm-none-eabi/13.3.1/thumb/v7e-m+fp/hard\libgcc.a(_arm_addsubdf3.o)
 .debug_frame   0x00002374       0xc4 D:/STM32CubeIDE_1.19.0/STM32CubeIDE/plugins/com.st.stm32cube.ide.mcu.externaltools.gnu-tools-for-stm32.13.3.rel1.win32_1.0.0.202411081344/tools/bin/../lib/gcc/arm-none-eabi/13.3.1/thumb/v7e-m+fp/hard\libgcc.a(_arm_cmpdf2.o)
 .debug_frame   0x00002438       0x24 D:/STM32CubeIDE_1.19.0/STM32CubeIDE/plugins/com.st.stm32cube.ide.mcu.externaltools.gnu-tools-for-stm32.13.3.rel1.win32_1.0.0.202411081344/tools/bin/../lib/gcc/arm-none-eabi/13.3.1/thumb/v7e-m+fp/hard\libgcc.a(_arm_fixunsdfsi.o)

.debug_line_str
                0x00000000       0x70
 .debug_line_str
                0x00000000       0x70 ./Core/Startup/startup_stm32h745xihx.o
