../USB_DEVICE/App/usbd_cdc_if.c:154:15:CDC_Init_HS	8	static
../USB_DEVICE/App/usbd_cdc_if.c:169:15:CDC_DeInit_HS	4	static
../USB_DEVICE/App/usbd_cdc_if.c:183:15:CDC_Control_HS	24	static
../USB_DEVICE/App/usbd_cdc_if.c:274:15:CDC_Receive_HS	24	static
../USB_DEVICE/App/usbd_cdc_if.c:299:9:CDC_Transmit_HS	24	static
../USB_DEVICE/App/usbd_cdc_if.c:325:15:CDC_TransmitCplt_HS	32	static
../USB_DEVICE/App/usbd_cdc_if.c:337:7:CDC_ComPort_IsOpen	4	static
../USB_DEVICE/App/usbd_cdc_if.c:342:7:CDC_IsTxReady	16	static
