../Dev/OS/FreeRTOS/FreeRTOS-Kernel/portable/GCC/ARM_CM7/r0p1/port.c:196:15:pxPortInitialiseStack	24	static
../Dev/OS/FreeRTOS/FreeRTOS-Kernel/portable/GCC/ARM_CM7/r0p1/port.c:228:13:prvTaskExitError	24	static,ignoring_inline_asm
../Dev/OS/FreeRTOS/FreeRTOS-Kernel/portable/GCC/ARM_CM7/r0p1/port.c:254:6:SVC_Handler	0	static,ignoring_inline_asm
../Dev/OS/FreeRTOS/FreeRTOS-Kernel/portable/GCC/ARM_CM7/r0p1/port.c:273:13:prvPortStartFirstTask	0	static,ignoring_inline_asm
../Dev/OS/FreeRTOS/FreeRTOS-Kernel/portable/GCC/ARM_CM7/r0p1/port.c:300:12:xPortStartScheduler	48	static,ignoring_inline_asm
../Dev/OS/FreeRTOS/FreeRTOS-Kernel/portable/GCC/ARM_CM7/r0p1/port.c:456:6:vPortEndScheduler	16	static,ignoring_inline_asm
../Dev/OS/FreeRTOS/FreeRTOS-Kernel/portable/GCC/ARM_CM7/r0p1/port.c:464:6:vPortEnterCritical	16	static,ignoring_inline_asm
../Dev/OS/FreeRTOS/FreeRTOS-Kernel/portable/GCC/ARM_CM7/r0p1/port.c:481:6:vPortExitCritical	16	static,ignoring_inline_asm
../Dev/OS/FreeRTOS/FreeRTOS-Kernel/portable/GCC/ARM_CM7/r0p1/port.c:493:6:PendSV_Handler	0	static,ignoring_inline_asm
../Dev/OS/FreeRTOS/FreeRTOS-Kernel/portable/GCC/ARM_CM7/r0p1/port.c:552:6:xPortSysTickHandler	16	static,ignoring_inline_asm
../Dev/OS/FreeRTOS/FreeRTOS-Kernel/portable/GCC/ARM_CM7/r0p1/port.c:804:32:vPortSetupTimerInterrupt	4	static
../Dev/OS/FreeRTOS/FreeRTOS-Kernel/portable/GCC/ARM_CM7/r0p1/port.c:826:13:vPortEnableVFP	0	static,ignoring_inline_asm
../Dev/OS/FreeRTOS/FreeRTOS-Kernel/portable/GCC/ARM_CM7/r0p1/port.c:843:10:vPortValidateInterruptPriority	24	static,ignoring_inline_asm
