../../Drivers/CMSIS/Include/core_cm7.h:2156:34:__NVIC_SystemReset	4	static,ignoring_inline_asm
../Dev/CLI_Terminal/CLI_Command/cli_command.c:109:13:CMD_Clear_CLI	40	static
../Dev/CLI_Terminal/CLI_Command/cli_command.c:115:13:CMD_Reset	24	static
../Dev/CLI_Terminal/CLI_Command/cli_command.c:120:13:CMD_Ping	120	static
../Dev/CLI_Terminal/CLI_Command/cli_command.c:159:13:CMD_Send_CSP	296	static
../Dev/CLI_Terminal/CLI_Command/cli_command.c:262:13:CMD_Close	24	static
../Dev/CLI_Terminal/CLI_Command/cli_command.c:267:13:CMD_Get_Temperature	120	static
../Dev/CLI_Terminal/CLI_Command/cli_command.c:297:13:CMD_Get_Current	96	static
../Dev/CLI_Terminal/CLI_Command/cli_command.c:307:13:CMD_Send_LVDS	24	static
../Dev/CLI_Terminal/CLI_Command/cli_command.c:336:13:CMD_Create_Folder	96	static
../Dev/CLI_Terminal/CLI_Command/cli_command.c:357:13:CMD_Create_File	96	static
../Dev/CLI_Terminal/CLI_Command/cli_command.c:379:13:CMD_Write_eMMC	96	static
../Dev/CLI_Terminal/CLI_Command/cli_command.c:394:13:CMD_Read_eMMC	64	static
../Dev/CLI_Terminal/CLI_Command/cli_command.c:410:13:CMD_List	1208	static
../Dev/CLI_Terminal/CLI_Command/cli_command.c:468:13:CMD_Change_Directory	168	static
../Dev/CLI_Terminal/CLI_Command/cli_command.c:485:13:CMD_Print_Working_Directory	280	static
../Dev/CLI_Terminal/CLI_Command/cli_command.c:502:26:getCliStaticBindings	4	static
../Dev/CLI_Terminal/CLI_Command/cli_command.c:506:10:getCliStaticBindingCount	4	static
